******************************************************************************
               TMS320C6x Linker PC v7.4.4                      
******************************************************************************
>> Linked Tue Apr 12 12:22:02 2016

OUTPUT FILE NAME:   <220_DSP.out>
ENTRY POINT SYMBOL: "_c_int00"  address: 800064a0


MEMORY CONFIGURATION

         name            origin    length      used     unused   attr    fill
----------------------  --------  ---------  --------  --------  ----  --------
  DSPL2ROM              00700000   00100000  00000000  00100000  RWIX
  DSPL2RAM              00800000   00040000  00000000  00040000  RWIX
  DSPL1PRAM             00e00000   00008000  00000000  00008000  RWIX
  DSPL1DRAM             00f00000   00008000  00000000  00008000  RWIX
  SHDSPL2ROM            11700000   00100000  00000000  00100000  RWIX
  SHDSPL2RAM            11800000   00040000  00000000  00040000  RWIX
  SHDSPL1PRAM           11e00000   00008000  00000000  00008000  RWIX
  SHDSPL1DRAM           11f00000   00008000  00000000  00008000  RWIX
  EMIFACS0              40000000   20000000  00000000  20000000  RWIX
  EMIFACS2              60000000   02000000  00000000  02000000  RWIX
  EMIFACS3              62000000   02000000  00000000  02000000  RWIX
  EMIFACS4              64000000   02000000  00000000  02000000  RWIX
  EMIFACS5              66000000   02000000  00000000  02000000  RWIX
  SHRAM                 80000000   00020000  0000872f  000178d1  RWIX
  DDR2                  c0000000   20000000  00000000  20000000  RWIX


SECTION ALLOCATION MAP

 output                                  attributes/
section   page    origin      length       input sections
--------  ----  ----------  ----------   ----------------
.pinit     0    80000000    00000000     UNINITIALIZED

.text      0    80000000    00006b00     
                  80000000    00000b60     main.obj (.text)
                  80000b60    000005a0     rts6740.lib : divd.obj (.text:__divd)
                  80001100    00000580                 : _printfi.obj (.text:__getarg_diouxp)
                  80001680    00000440                 : _printfi.obj (.text:__printfi)
                  80001ac0    00000440                 : _printfi.obj (.text:__setfield)
                  80001f00    000003a0                 : fputs.obj (.text:_fputs)
                  800022a0    00000320                 : _printfi.obj (.text:__pproc_fge)
                  800025c0    000002c0                 : _printfi.obj (.text:__pproc_fwp)
                  80002880    000002a0                 : _printfi.obj (.text:_ecvt)
                  80002b20    000002a0                 : _printfi.obj (.text:_fcvt)
                  80002dc0    00000280                 : memory.obj (.text:_free)
                  80003040    00000260                 : imath64.obj (.text:__divull)
                  800032a0    00000260                 : _printfi.obj (.text:__pconv_e)
                  80003500    00000240                 : _printfi.obj (.text:__pproc_diouxp)
                  80003740    00000220                 : _printfi.obj (.text:__pproc_str)
                  80003960    00000220                 : fputc.obj (.text:_fputc)
                  80003b80    00000200                 : _printfi.obj (.text:__pconv_g)
                  80003d80    00000200                 : setvbuf.obj (.text:_setvbuf)
                  80003f80    000001c0                 : _printfi.obj (.text:__mcpy)
                  80004140    000001a0                 : imath40.obj (.text:__divul)
                  800042e0    00000180                 : trgdrv.obj (.text:_HOSTrename)
                  80004460    00000180                 : memory.obj (.text:_malloc)
                  800045e0    00000140                 : _printfi.obj (.text:__pproc_fflags)
                  80004720    00000140                 : lowlev.obj (.text:_getdevice)
                  80004860    00000120                 : fclose.obj (.text:__closefile)
                  80004980    00000120                 : _printfi.obj (.text:__ltostr)
                  80004aa0    00000120                 : fseek.obj (.text:_fseek)
                  80004bc0    00000100                 : trgdrv.obj (.text:_HOSTlseek)
                  80004cc0    00000100                 : _io_perm.obj (.text:__wrt_ok)
                  80004dc0    000000e0                 : trgdrv.obj (.text:_HOSTopen)
                  80004ea0    000000e0                 : atoi.obj (.text:_atoi)
                  80004f80    000000e0                 : lowlev.obj (.text:_close)
                  80005060    000000e0                 : memset.obj (.text:_memset)
                  80005140    000000e0                 : printf.obj (.text:_printf)
                  80005220    000000c0                 : trgdrv.obj (.text:_HOSTread)
                  800052e0    000000c0                 : trgdrv.obj (.text:_HOSTunlink)
                  800053a0    000000c0                 : trgdrv.obj (.text:_HOSTwrite)
                  80005460    000000c0                 : autoinit.obj (.text:__auto_init)
                  80005520    000000c0                 : _printfi.obj (.text:__div)
                  800055e0    000000c0                 : divu.obj (.text:__divu)
                  800056a0    000000c0                 : fflush.obj (.text:__doflush)
                  80005760    000000c0                 : remi.obj (.text:__remi)
                  80005820    000000c0                 : exit.obj (.text:_exit)
                  800058e0    000000c0                 : ltoa.obj (.text:_ltoa)
                  800059a0    000000a0                 : trgdrv.obj (.text:_HOSTclose)
                  80005a40    000000a0                 : trgdrv.obj (.text:_HOSTtime)
                  80005ae0    000000a0                 : fopen.obj (.text:__cleanup)
                  80005b80    000000a0                 : imath40.obj (.text:__divli)
                  80005c20    000000a0                 : _printfi.obj (.text:__ecpy)
                  80005cc0    000000a0                 : _printfi.obj (.text:__fcpy)
                  80005d60    000000a0                 : fixdli.obj (.text:__fixdli)
                  80005e00    000000a0                 : _printfi.obj (.text:__pconv_f)
                  80005ea0    000000a0                 : remu.obj (.text:__remu)
                  80005f40    000000a0                 : cpy_tbl.obj (.text:_copy_in)
                  80005fe0    000000a0                 : lowlev.obj (.text:_finddevice)
                  80006080    000000a0                 : lowlev.obj (.text:_lseek)
                  80006120    000000a0                 : memcpy64.obj (.text:_memcpy)
                  800061c0    000000a0                 : memory.obj (.text:_minsert)
                  80006260    000000a0                 : memory.obj (.text:_mremove)
                  80006300    000000a0                 : lowlev.obj (.text:_write)
                  800063a0    00000080                 : fltlid.obj (.text:__fltlid)
                  80006420    00000080                 : llshift.obj (.text:__llshl)
                  800064a0    00000080                 : boot.obj (.text:_c_int00)
                  80006520    00000080                 : rand.obj (.text:_rand)
                  800065a0    00000080                 : trgmsg.obj (.text:_readmsg)
                  80006620    00000080                 : lowlev.obj (.text:_unlink)
                  800066a0    00000060                 : cpp_init.obj (.text:___TI_cpp_init)
                  80006700    00000060                 : imath64.obj (.text:__subcull)
                  80006760    00000060                 : memccpy.obj (.text:_memccpy)
                  800067c0    00000060                 : rand.obj (.text:_srand)
                  80006820    00000060                 : trgmsg.obj (.text:_writemsg)
                  80006880    00000040                 : isinf.obj (.text:___isinf)
                  800068c0    00000040                 : _printfi.obj (.text:___isnan)
                  80006900    00000040                 : args_main.obj (.text:__args_main)
                  80006940    00000040                 : frcmpyd_div.obj (.text:__frcmpyd_div)
                  80006980    00000040                 : llshift.obj (.text:__llshru)
                  800069c0    00000040                 : imath40.obj (.text:__remli)
                  80006a00    00000040                 : time.obj (.text:_time)
                  80006a40    00000020                 : negll.obj (.text:__negll)
                  80006a60    00000020                 : _lock.obj (.text:__nop)
                  80006a80    00000020                 : printf.obj (.text:__outc)
                  80006aa0    00000020                 : printf.obj (.text:__outs)
                  80006ac0    00000020                 : exit.obj (.text:_abort)
                  80006ae0    00000020                 : remove.obj (.text:_remove)

.data      0    80000000    00000000     UNINITIALIZED

.stack     0    80006b00    00000800     UNINITIALIZED
                  80006b00    00000008     rts6740.lib : boot.obj (.stack)
                  80006b08    000007f8     --HOLE--

.sysmem    0    80007300    00000800     UNINITIALIZED
                  80007300    00000008     rts6740.lib : memory.obj (.sysmem)
                  80007308    000007f8     --HOLE--

.far       0    80007b00    00000660     UNINITIALIZED
                  80007b00    00000324     rts6740.lib : defs.obj (.far)
                  80007e24    00000004                 : fopen.obj (.far)
                  80007e28    000001f0     main.obj (.far)
                  80008018    0000011c     rts6740.lib : lowlev.obj (.far)
                  80008134    0000000c                 : exit.obj (.far)
                  80008140    00000008                 : _lock.obj (.far)
                  80008148    00000008                 : memory.obj (.far)
                  80008150    00000008                 : rand.obj (.far)
                  80008158    00000008                 : trgdrv.obj (.far)

.const     0    80008160    0000028e     
                  80008160    00000168     main.obj (.const:.string)
                  800082c8    00000101     rts6740.lib : ctype.obj (.const:.string:__ctypes_)
                  800083c9    00000023                 : _printfi.obj (.const:.string)
                  800083ec    00000002                 : fputs.obj (.const:.string)

.cinit     0    800083f0    000001e4     
                  800083f0    00000079     main.obj (.cinit)
                  80008469    00000007     --HOLE-- [fill = 0]
                  80008470    0000005c     rts6740.lib : defs.obj (.cinit)
                  800084cc    00000004     --HOLE-- [fill = 0]
                  800084d0    0000005c                 : lowlev.obj (.cinit)
                  8000852c    00000004     --HOLE-- [fill = 0]
                  80008530    0000002c                 : exit.obj (.cinit)
                  8000855c    00000004     --HOLE-- [fill = 0]
                  80008560    0000002c                 : memory.obj (.cinit)
                  8000858c    00000004     --HOLE-- [fill = 0]
                  80008590    0000001c                 : _lock.obj (.cinit)
                  800085ac    00000004     --HOLE-- [fill = 0]
                  800085b0    00000010                 : rand.obj (.cinit)
                  800085c0    0000000c                 : fopen.obj (.cinit)
                  800085cc    00000004     --HOLE-- [fill = 0]
                  800085d0    00000004     (.pad.cinit) [fill = 0]

.cio       0    800085d8    00000120     UNINITIALIZED
                  800085d8    00000120     rts6740.lib : trgmsg.obj (.cio)

.bss       0    800086f8    00000021     UNINITIALIZED
                  800086f8    00000021     main.obj (.bss)

.switch    0    8000871c    0000001c     
                  8000871c    0000001c     main.obj (.switch:_update_flag)


GLOBAL SYMBOLS: SORTED ALPHABETICALLY BY Name 

address    name
--------   ----
800086f8   $bss
800086f8   .bss
80000000   .data
80000000   .text
80006ac0   C$$EXIT
80006878   C$$IO$$
800059a0   _HOSTclose
80004bc0   _HOSTlseek
80004dc0   _HOSTopen
80005220   _HOSTread
800042e0   _HOSTrename
80005a40   _HOSTtime
800052e0   _HOSTunlink
800053a0   _HOSTwrite
80008704   _PIEP_COUNT
800085d8   __CIOBUF_
80007300   __STACK_END
00000800   __STACK_SIZE
00000800   __SYSMEM_SIZE
00000001   __TI_args_main
800086fc   ___R30
800086f8   ___R31
800066a0   ___TI_cpp_init
8000813c   ___TI_enable_exit_profile_output
ffffffff   ___TI_pprof_out_hndl
ffffffff   ___TI_prof_data_size
ffffffff   ___TI_prof_data_start
ffffffff   ___binit__
800086f8   ___bss__
ffffffff   ___c_args__
800083f0   ___cinit__
80000000   ___data__
80000000   ___edata__
80008719   ___end__
80006b00   ___etext__
80006880   ___isinf
ffffffff   ___pinit__
80000000   ___text__
80006900   __args_main
80005460   __auto_init
800055e0   __c6xabi_divu
80005760   __c6xabi_remi
80005ea0   __c6xabi_remu
80005ae0   __cleanup
80008134   __cleanup_ptr
80004860   __closefile
800082c8   __ctypes_
80000b60   __divd
80005b80   __divli
800055e0   __divu
80004140   __divul
80003040   __divull
800056a0   __doflush
80008138   __dtors_ptr
80005d60   __fixdli
800063a0   __fltlid
80006940   __frcmpyd_div
80007e20   __ft_end
80007b00   __ftable
80006420   __llshl
80006980   __llshru
80008140   __lock
80006a40   __negll
80006a60   __nop
80001680   __printfi
80005760   __remi
800069c0   __remli
80005ea0   __remu
80006b00   __stack
80006700   __subcull
80007300   __sys_memory
80007ce0   __tmpnams
80008144   __unlock
80004cc0   __wrt_ok
80006ac0   _abort
80004ea0   _atoi
800064a0   _c_int00
80007ef8   _cfg
80008700   _ch_num_period
80004f80   _close
80005f40   _copy_in
80005820   _exit
80008708   _flag
80003960   _fputc
80001f00   _fputs
80002dc0   _free
80004aa0   _fseek
8000870c   _full_period
80006080   _lseek
800058e0   _ltoa
80000504   _main
80004460   _malloc
80006760   _memccpy
80006120   _memcpy
80005060   _memset
80007e28   _pcmd
80005140   _printf
80003960   _putc
80006520   _rand
80000024   _rand_period_change
800065a0   _readmsg
80006ae0   _remove
80003d80   _setvbuf
800067c0   _srand
80006a00   _time
80007f60   _time_flow_ctr
80008710   _time_flow_idx
80006620   _unlink
800000ac   _update_flag
80006300   _write
80006820   _writemsg
ffffffff   binit
800083f0   cinit
80000000   edata
80008719   end
80006b00   etext
ffffffff   pinit


GLOBAL SYMBOLS: SORTED BY Symbol Address 

address    name
--------   ----
00000001   __TI_args_main
00000800   __STACK_SIZE
00000800   __SYSMEM_SIZE
80000000   .data
80000000   .text
80000000   ___data__
80000000   ___edata__
80000000   ___text__
80000000   edata
80000024   _rand_period_change
800000ac   _update_flag
80000504   _main
80000b60   __divd
80001680   __printfi
80001f00   _fputs
80002dc0   _free
80003040   __divull
80003960   _fputc
80003960   _putc
80003d80   _setvbuf
80004140   __divul
800042e0   _HOSTrename
80004460   _malloc
80004860   __closefile
80004aa0   _fseek
80004bc0   _HOSTlseek
80004cc0   __wrt_ok
80004dc0   _HOSTopen
80004ea0   _atoi
80004f80   _close
80005060   _memset
80005140   _printf
80005220   _HOSTread
800052e0   _HOSTunlink
800053a0   _HOSTwrite
80005460   __auto_init
800055e0   __c6xabi_divu
800055e0   __divu
800056a0   __doflush
80005760   __c6xabi_remi
80005760   __remi
80005820   _exit
800058e0   _ltoa
800059a0   _HOSTclose
80005a40   _HOSTtime
80005ae0   __cleanup
80005b80   __divli
80005d60   __fixdli
80005ea0   __c6xabi_remu
80005ea0   __remu
80005f40   _copy_in
80006080   _lseek
80006120   _memcpy
80006300   _write
800063a0   __fltlid
80006420   __llshl
800064a0   _c_int00
80006520   _rand
800065a0   _readmsg
80006620   _unlink
800066a0   ___TI_cpp_init
80006700   __subcull
80006760   _memccpy
800067c0   _srand
80006820   _writemsg
80006878   C$$IO$$
80006880   ___isinf
80006900   __args_main
80006940   __frcmpyd_div
80006980   __llshru
800069c0   __remli
80006a00   _time
80006a40   __negll
80006a60   __nop
80006ac0   C$$EXIT
80006ac0   _abort
80006ae0   _remove
80006b00   ___etext__
80006b00   __stack
80006b00   etext
80007300   __STACK_END
80007300   __sys_memory
80007b00   __ftable
80007ce0   __tmpnams
80007e20   __ft_end
80007e28   _pcmd
80007ef8   _cfg
80007f60   _time_flow_ctr
80008134   __cleanup_ptr
80008138   __dtors_ptr
8000813c   ___TI_enable_exit_profile_output
80008140   __lock
80008144   __unlock
800082c8   __ctypes_
800083f0   ___cinit__
800083f0   cinit
800085d8   __CIOBUF_
800086f8   $bss
800086f8   .bss
800086f8   ___R31
800086f8   ___bss__
800086fc   ___R30
80008700   _ch_num_period
80008704   _PIEP_COUNT
80008708   _flag
8000870c   _full_period
80008710   _time_flow_idx
80008719   ___end__
80008719   end
ffffffff   ___TI_pprof_out_hndl
ffffffff   ___TI_prof_data_size
ffffffff   ___TI_prof_data_start
ffffffff   ___binit__
ffffffff   ___c_args__
ffffffff   ___pinit__
ffffffff   binit
ffffffff   pinit

[117 symbols]
