<?xml version="1.0"?>
<link_info>
   <banner>TMS320C6x Linker PC v7.4.4</banner>
   <copyright>Copyright (c) 1996-2013 Texas Instruments Incorporated</copyright>
   <link_time>0x570c77ea</link_time>
   <output_file>220_DSP.out</output_file>
   <entry_point>
      <name>_c_int00</name>
      <address>0x800064a0</address>
   </entry_point>
   <input_file_list>
      <input_file id="fl-2">
         <path>.\</path>
         <kind>object</kind>
         <file>main.obj</file>
         <name>main.obj</name>
      </input_file>
      <input_file id="fl-7d">
         <path>C:\ti\ccsv5\tools\compiler\c6000_7.4.4\lib\</path>
         <kind>archive</kind>
         <file>rts6740.lib</file>
         <name>boot.obj</name>
      </input_file>
      <input_file id="fl-7e">
         <path>C:\ti\ccsv5\tools\compiler\c6000_7.4.4\lib\</path>
         <kind>archive</kind>
         <file>rts6740.lib</file>
         <name>exit.obj</name>
      </input_file>
      <input_file id="fl-7f">
         <path>C:\ti\ccsv5\tools\compiler\c6000_7.4.4\lib\</path>
         <kind>archive</kind>
         <file>rts6740.lib</file>
         <name>printf.obj</name>
      </input_file>
      <input_file id="fl-80">
         <path>C:\ti\ccsv5\tools\compiler\c6000_7.4.4\lib\</path>
         <kind>archive</kind>
         <file>rts6740.lib</file>
         <name>rand.obj</name>
      </input_file>
      <input_file id="fl-81">
         <path>C:\ti\ccsv5\tools\compiler\c6000_7.4.4\lib\</path>
         <kind>archive</kind>
         <file>rts6740.lib</file>
         <name>remi.obj</name>
      </input_file>
      <input_file id="fl-82">
         <path>C:\ti\ccsv5\tools\compiler\c6000_7.4.4\lib\</path>
         <kind>archive</kind>
         <file>rts6740.lib</file>
         <name>remu.obj</name>
      </input_file>
      <input_file id="fl-83">
         <path>C:\ti\ccsv5\tools\compiler\c6000_7.4.4\lib\</path>
         <kind>archive</kind>
         <file>rts6740.lib</file>
         <name>time.obj</name>
      </input_file>
      <input_file id="fl-84">
         <path>C:\ti\ccsv5\tools\compiler\c6000_7.4.4\lib\</path>
         <kind>archive</kind>
         <file>rts6740.lib</file>
         <name>trgdrv.obj</name>
      </input_file>
      <input_file id="fl-85">
         <path>C:\ti\ccsv5\tools\compiler\c6000_7.4.4\lib\</path>
         <kind>archive</kind>
         <file>rts6740.lib</file>
         <name>trgmsg.obj</name>
      </input_file>
      <input_file id="fl-86">
         <path>C:\ti\ccsv5\tools\compiler\c6000_7.4.4\lib\</path>
         <kind>archive</kind>
         <file>rts6740.lib</file>
         <name>_lock.obj</name>
      </input_file>
      <input_file id="fl-87">
         <path>C:\ti\ccsv5\tools\compiler\c6000_7.4.4\lib\</path>
         <kind>archive</kind>
         <file>rts6740.lib</file>
         <name>_printfi.obj</name>
      </input_file>
      <input_file id="fl-88">
         <path>C:\ti\ccsv5\tools\compiler\c6000_7.4.4\lib\</path>
         <kind>archive</kind>
         <file>rts6740.lib</file>
         <name>args_main.obj</name>
      </input_file>
      <input_file id="fl-89">
         <path>C:\ti\ccsv5\tools\compiler\c6000_7.4.4\lib\</path>
         <kind>archive</kind>
         <file>rts6740.lib</file>
         <name>atoi.obj</name>
      </input_file>
      <input_file id="fl-8a">
         <path>C:\ti\ccsv5\tools\compiler\c6000_7.4.4\lib\</path>
         <kind>archive</kind>
         <file>rts6740.lib</file>
         <name>autoinit.obj</name>
      </input_file>
      <input_file id="fl-8b">
         <path>C:\ti\ccsv5\tools\compiler\c6000_7.4.4\lib\</path>
         <kind>archive</kind>
         <file>rts6740.lib</file>
         <name>cpp_init.obj</name>
      </input_file>
      <input_file id="fl-8c">
         <path>C:\ti\ccsv5\tools\compiler\c6000_7.4.4\lib\</path>
         <kind>archive</kind>
         <file>rts6740.lib</file>
         <name>cpy_tbl.obj</name>
      </input_file>
      <input_file id="fl-8d">
         <path>C:\ti\ccsv5\tools\compiler\c6000_7.4.4\lib\</path>
         <kind>archive</kind>
         <file>rts6740.lib</file>
         <name>ctype.obj</name>
      </input_file>
      <input_file id="fl-8e">
         <path>C:\ti\ccsv5\tools\compiler\c6000_7.4.4\lib\</path>
         <kind>archive</kind>
         <file>rts6740.lib</file>
         <name>defs.obj</name>
      </input_file>
      <input_file id="fl-8f">
         <path>C:\ti\ccsv5\tools\compiler\c6000_7.4.4\lib\</path>
         <kind>archive</kind>
         <file>rts6740.lib</file>
         <name>divd.obj</name>
      </input_file>
      <input_file id="fl-90">
         <path>C:\ti\ccsv5\tools\compiler\c6000_7.4.4\lib\</path>
         <kind>archive</kind>
         <file>rts6740.lib</file>
         <name>divu.obj</name>
      </input_file>
      <input_file id="fl-91">
         <path>C:\ti\ccsv5\tools\compiler\c6000_7.4.4\lib\</path>
         <kind>archive</kind>
         <file>rts6740.lib</file>
         <name>fixdli.obj</name>
      </input_file>
      <input_file id="fl-92">
         <path>C:\ti\ccsv5\tools\compiler\c6000_7.4.4\lib\</path>
         <kind>archive</kind>
         <file>rts6740.lib</file>
         <name>fltlid.obj</name>
      </input_file>
      <input_file id="fl-93">
         <path>C:\ti\ccsv5\tools\compiler\c6000_7.4.4\lib\</path>
         <kind>archive</kind>
         <file>rts6740.lib</file>
         <name>fputc.obj</name>
      </input_file>
      <input_file id="fl-94">
         <path>C:\ti\ccsv5\tools\compiler\c6000_7.4.4\lib\</path>
         <kind>archive</kind>
         <file>rts6740.lib</file>
         <name>fputs.obj</name>
      </input_file>
      <input_file id="fl-95">
         <path>C:\ti\ccsv5\tools\compiler\c6000_7.4.4\lib\</path>
         <kind>archive</kind>
         <file>rts6740.lib</file>
         <name>frcmpyd_div.obj</name>
      </input_file>
      <input_file id="fl-96">
         <path>C:\ti\ccsv5\tools\compiler\c6000_7.4.4\lib\</path>
         <kind>archive</kind>
         <file>rts6740.lib</file>
         <name>imath40.obj</name>
      </input_file>
      <input_file id="fl-97">
         <path>C:\ti\ccsv5\tools\compiler\c6000_7.4.4\lib\</path>
         <kind>archive</kind>
         <file>rts6740.lib</file>
         <name>imath64.obj</name>
      </input_file>
      <input_file id="fl-98">
         <path>C:\ti\ccsv5\tools\compiler\c6000_7.4.4\lib\</path>
         <kind>archive</kind>
         <file>rts6740.lib</file>
         <name>isinf.obj</name>
      </input_file>
      <input_file id="fl-99">
         <path>C:\ti\ccsv5\tools\compiler\c6000_7.4.4\lib\</path>
         <kind>archive</kind>
         <file>rts6740.lib</file>
         <name>llshift.obj</name>
      </input_file>
      <input_file id="fl-9a">
         <path>C:\ti\ccsv5\tools\compiler\c6000_7.4.4\lib\</path>
         <kind>archive</kind>
         <file>rts6740.lib</file>
         <name>lowlev.obj</name>
      </input_file>
      <input_file id="fl-9b">
         <path>C:\ti\ccsv5\tools\compiler\c6000_7.4.4\lib\</path>
         <kind>archive</kind>
         <file>rts6740.lib</file>
         <name>ltoa.obj</name>
      </input_file>
      <input_file id="fl-9c">
         <path>C:\ti\ccsv5\tools\compiler\c6000_7.4.4\lib\</path>
         <kind>archive</kind>
         <file>rts6740.lib</file>
         <name>memccpy.obj</name>
      </input_file>
      <input_file id="fl-9d">
         <path>C:\ti\ccsv5\tools\compiler\c6000_7.4.4\lib\</path>
         <kind>archive</kind>
         <file>rts6740.lib</file>
         <name>memcpy64.obj</name>
      </input_file>
      <input_file id="fl-9e">
         <path>C:\ti\ccsv5\tools\compiler\c6000_7.4.4\lib\</path>
         <kind>archive</kind>
         <file>rts6740.lib</file>
         <name>memset.obj</name>
      </input_file>
      <input_file id="fl-9f">
         <path>C:\ti\ccsv5\tools\compiler\c6000_7.4.4\lib\</path>
         <kind>archive</kind>
         <file>rts6740.lib</file>
         <name>negll.obj</name>
      </input_file>
      <input_file id="fl-a0">
         <path>C:\ti\ccsv5\tools\compiler\c6000_7.4.4\lib\</path>
         <kind>archive</kind>
         <file>rts6740.lib</file>
         <name>_io_perm.obj</name>
      </input_file>
      <input_file id="fl-a1">
         <path>C:\ti\ccsv5\tools\compiler\c6000_7.4.4\lib\</path>
         <kind>archive</kind>
         <file>rts6740.lib</file>
         <name>abs.obj</name>
      </input_file>
      <input_file id="fl-a2">
         <path>C:\ti\ccsv5\tools\compiler\c6000_7.4.4\lib\</path>
         <kind>archive</kind>
         <file>rts6740.lib</file>
         <name>fflush.obj</name>
      </input_file>
      <input_file id="fl-a3">
         <path>C:\ti\ccsv5\tools\compiler\c6000_7.4.4\lib\</path>
         <kind>archive</kind>
         <file>rts6740.lib</file>
         <name>fseek.obj</name>
      </input_file>
      <input_file id="fl-a4">
         <path>C:\ti\ccsv5\tools\compiler\c6000_7.4.4\lib\</path>
         <kind>archive</kind>
         <file>rts6740.lib</file>
         <name>setvbuf.obj</name>
      </input_file>
      <input_file id="fl-a5">
         <path>C:\ti\ccsv5\tools\compiler\c6000_7.4.4\lib\</path>
         <kind>archive</kind>
         <file>rts6740.lib</file>
         <name>fopen.obj</name>
      </input_file>
      <input_file id="fl-a6">
         <path>C:\ti\ccsv5\tools\compiler\c6000_7.4.4\lib\</path>
         <kind>archive</kind>
         <file>rts6740.lib</file>
         <name>memory.obj</name>
      </input_file>
      <input_file id="fl-a7">
         <path>C:\ti\ccsv5\tools\compiler\c6000_7.4.4\lib\</path>
         <kind>archive</kind>
         <file>rts6740.lib</file>
         <name>fclose.obj</name>
      </input_file>
      <input_file id="fl-a8">
         <path>C:\ti\ccsv5\tools\compiler\c6000_7.4.4\lib\</path>
         <kind>archive</kind>
         <file>rts6740.lib</file>
         <name>remove.obj</name>
      </input_file>
   </input_file_list>
   <object_component_list>
      <object_component id="oc-c4">
         <name>.text</name>
         <load_address>0x80000000</load_address>
         <run_address>0x80000000</run_address>
         <size>0xb60</size>
         <input_file_ref idref="fl-2"/>
      </object_component>
      <object_component id="oc-f5">
         <name>.text:__divd</name>
         <load_address>0x80000b60</load_address>
         <run_address>0x80000b60</run_address>
         <size>0x5a0</size>
         <input_file_ref idref="fl-8f"/>
      </object_component>
      <object_component id="oc-e9">
         <name>.text:__getarg_diouxp</name>
         <load_address>0x80001100</load_address>
         <run_address>0x80001100</run_address>
         <size>0x580</size>
         <input_file_ref idref="fl-87"/>
      </object_component>
      <object_component id="oc-d1">
         <name>.text:__printfi</name>
         <load_address>0x80001680</load_address>
         <run_address>0x80001680</run_address>
         <size>0x440</size>
         <input_file_ref idref="fl-87"/>
      </object_component>
      <object_component id="oc-d6">
         <name>.text:__setfield</name>
         <load_address>0x80001ac0</load_address>
         <run_address>0x80001ac0</run_address>
         <size>0x440</size>
         <input_file_ref idref="fl-87"/>
      </object_component>
      <object_component id="oc-d3">
         <name>.text:_fputs</name>
         <load_address>0x80001f00</load_address>
         <run_address>0x80001f00</run_address>
         <size>0x3a0</size>
         <input_file_ref idref="fl-94"/>
      </object_component>
      <object_component id="oc-de">
         <name>.text:__pproc_fge</name>
         <load_address>0x800022a0</load_address>
         <run_address>0x800022a0</run_address>
         <size>0x320</size>
         <input_file_ref idref="fl-87"/>
      </object_component>
      <object_component id="oc-d5">
         <name>.text:__pproc_fwp</name>
         <load_address>0x800025c0</load_address>
         <run_address>0x800025c0</run_address>
         <size>0x2c0</size>
         <input_file_ref idref="fl-87"/>
      </object_component>
      <object_component id="oc-f0">
         <name>.text:_ecvt</name>
         <load_address>0x80002880</load_address>
         <run_address>0x80002880</run_address>
         <size>0x2a0</size>
         <input_file_ref idref="fl-87"/>
      </object_component>
      <object_component id="oc-f3">
         <name>.text:_fcvt</name>
         <load_address>0x80002b20</load_address>
         <run_address>0x80002b20</run_address>
         <size>0x2a0</size>
         <input_file_ref idref="fl-87"/>
      </object_component>
      <object_component id="oc-ed">
         <name>.text:_free</name>
         <load_address>0x80002dc0</load_address>
         <run_address>0x80002dc0</run_address>
         <size>0x280</size>
         <input_file_ref idref="fl-a6"/>
      </object_component>
      <object_component id="oc-101">
         <name>.text:__divull</name>
         <load_address>0x80003040</load_address>
         <run_address>0x80003040</run_address>
         <size>0x260</size>
         <input_file_ref idref="fl-97"/>
      </object_component>
      <object_component id="oc-e8">
         <name>.text:__pconv_e</name>
         <load_address>0x800032a0</load_address>
         <run_address>0x800032a0</run_address>
         <size>0x260</size>
         <input_file_ref idref="fl-87"/>
      </object_component>
      <object_component id="oc-df">
         <name>.text:__pproc_diouxp</name>
         <load_address>0x80003500</load_address>
         <run_address>0x80003500</run_address>
         <size>0x240</size>
         <input_file_ref idref="fl-87"/>
      </object_component>
      <object_component id="oc-d7">
         <name>.text:__pproc_str</name>
         <load_address>0x80003740</load_address>
         <run_address>0x80003740</run_address>
         <size>0x220</size>
         <input_file_ref idref="fl-87"/>
      </object_component>
      <object_component id="oc-d8">
         <name>.text:_fputc</name>
         <load_address>0x80003960</load_address>
         <run_address>0x80003960</run_address>
         <size>0x220</size>
         <input_file_ref idref="fl-93"/>
      </object_component>
      <object_component id="oc-e6">
         <name>.text:__pconv_g</name>
         <load_address>0x80003b80</load_address>
         <run_address>0x80003b80</run_address>
         <size>0x200</size>
         <input_file_ref idref="fl-87"/>
      </object_component>
      <object_component id="oc-e2">
         <name>.text:_setvbuf</name>
         <load_address>0x80003d80</load_address>
         <run_address>0x80003d80</run_address>
         <size>0x200</size>
         <input_file_ref idref="fl-a4"/>
      </object_component>
      <object_component id="oc-f2">
         <name>.text:__mcpy</name>
         <load_address>0x80003f80</load_address>
         <run_address>0x80003f80</run_address>
         <size>0x1c0</size>
         <input_file_ref idref="fl-87"/>
      </object_component>
      <object_component id="oc-100">
         <name>.text:__divul</name>
         <load_address>0x80004140</load_address>
         <run_address>0x80004140</run_address>
         <size>0x1a0</size>
         <input_file_ref idref="fl-96"/>
      </object_component>
      <object_component id="oc-c0">
         <name>.text:_HOSTrename</name>
         <load_address>0x800042e0</load_address>
         <run_address>0x800042e0</run_address>
         <size>0x180</size>
         <input_file_ref idref="fl-84"/>
      </object_component>
      <object_component id="oc-ee">
         <name>.text:_malloc</name>
         <load_address>0x80004460</load_address>
         <run_address>0x80004460</run_address>
         <size>0x180</size>
         <input_file_ref idref="fl-a6"/>
      </object_component>
      <object_component id="oc-d4">
         <name>.text:__pproc_fflags</name>
         <load_address>0x800045e0</load_address>
         <run_address>0x800045e0</run_address>
         <size>0x140</size>
         <input_file_ref idref="fl-87"/>
      </object_component>
      <object_component id="oc-109">
         <name>.text:_getdevice</name>
         <load_address>0x80004720</load_address>
         <run_address>0x80004720</run_address>
         <size>0x140</size>
         <input_file_ref idref="fl-9a"/>
      </object_component>
      <object_component id="oc-f9">
         <name>.text:__closefile</name>
         <load_address>0x80004860</load_address>
         <run_address>0x80004860</run_address>
         <size>0x120</size>
         <input_file_ref idref="fl-a7"/>
      </object_component>
      <object_component id="oc-eb">
         <name>.text:__ltostr</name>
         <load_address>0x80004980</load_address>
         <run_address>0x80004980</run_address>
         <size>0x120</size>
         <input_file_ref idref="fl-87"/>
      </object_component>
      <object_component id="oc-e1">
         <name>.text:_fseek</name>
         <load_address>0x80004aa0</load_address>
         <run_address>0x80004aa0</run_address>
         <size>0x120</size>
         <input_file_ref idref="fl-a3"/>
      </object_component>
      <object_component id="oc-be">
         <name>.text:_HOSTlseek</name>
         <load_address>0x80004bc0</load_address>
         <run_address>0x80004bc0</run_address>
         <size>0x100</size>
         <input_file_ref idref="fl-84"/>
      </object_component>
      <object_component id="oc-d9">
         <name>.text:__wrt_ok</name>
         <load_address>0x80004cc0</load_address>
         <run_address>0x80004cc0</run_address>
         <size>0x100</size>
         <input_file_ref idref="fl-a0"/>
      </object_component>
      <object_component id="oc-ba">
         <name>.text:_HOSTopen</name>
         <load_address>0x80004dc0</load_address>
         <run_address>0x80004dc0</run_address>
         <size>0xe0</size>
         <input_file_ref idref="fl-84"/>
      </object_component>
      <object_component id="oc-dd">
         <name>.text:_atoi</name>
         <load_address>0x80004ea0</load_address>
         <run_address>0x80004ea0</run_address>
         <size>0xe0</size>
         <input_file_ref idref="fl-89"/>
      </object_component>
      <object_component id="oc-102">
         <name>.text:_close</name>
         <load_address>0x80004f80</load_address>
         <run_address>0x80004f80</run_address>
         <size>0xe0</size>
         <input_file_ref idref="fl-9a"/>
      </object_component>
      <object_component id="oc-dc">
         <name>.text:_memset</name>
         <load_address>0x80005060</load_address>
         <run_address>0x80005060</run_address>
         <size>0xe0</size>
         <input_file_ref idref="fl-9e"/>
      </object_component>
      <object_component id="oc-cc">
         <name>.text:_printf</name>
         <load_address>0x80005140</load_address>
         <run_address>0x80005140</run_address>
         <size>0xe0</size>
         <input_file_ref idref="fl-7f"/>
      </object_component>
      <object_component id="oc-bc">
         <name>.text:_HOSTread</name>
         <load_address>0x80005220</load_address>
         <run_address>0x80005220</run_address>
         <size>0xc0</size>
         <input_file_ref idref="fl-84"/>
      </object_component>
      <object_component id="oc-bf">
         <name>.text:_HOSTunlink</name>
         <load_address>0x800052e0</load_address>
         <run_address>0x800052e0</run_address>
         <size>0xc0</size>
         <input_file_ref idref="fl-84"/>
      </object_component>
      <object_component id="oc-bd">
         <name>.text:_HOSTwrite</name>
         <load_address>0x800053a0</load_address>
         <run_address>0x800053a0</run_address>
         <size>0xc0</size>
         <input_file_ref idref="fl-84"/>
      </object_component>
      <object_component id="oc-b6">
         <name>.text:__auto_init</name>
         <load_address>0x80005460</load_address>
         <run_address>0x80005460</run_address>
         <size>0xc0</size>
         <input_file_ref idref="fl-8a"/>
      </object_component>
      <object_component id="oc-f6">
         <name>.text:__div</name>
         <load_address>0x80005520</load_address>
         <run_address>0x80005520</run_address>
         <size>0xc0</size>
         <input_file_ref idref="fl-87"/>
      </object_component>
      <object_component id="oc-ff">
         <name>.text:__divu</name>
         <load_address>0x800055e0</load_address>
         <run_address>0x800055e0</run_address>
         <size>0xc0</size>
         <input_file_ref idref="fl-90"/>
      </object_component>
      <object_component id="oc-da">
         <name>.text:__doflush</name>
         <load_address>0x800056a0</load_address>
         <run_address>0x800056a0</run_address>
         <size>0xc0</size>
         <input_file_ref idref="fl-a2"/>
      </object_component>
      <object_component id="oc-cb">
         <name>.text:__remi</name>
         <load_address>0x80005760</load_address>
         <run_address>0x80005760</run_address>
         <size>0xc0</size>
         <input_file_ref idref="fl-81"/>
      </object_component>
      <object_component id="oc-b8">
         <name>.text:_exit</name>
         <load_address>0x80005820</load_address>
         <run_address>0x80005820</run_address>
         <size>0xc0</size>
         <input_file_ref idref="fl-7e"/>
      </object_component>
      <object_component id="oc-fb">
         <name>.text:_ltoa</name>
         <load_address>0x800058e0</load_address>
         <run_address>0x800058e0</run_address>
         <size>0xc0</size>
         <input_file_ref idref="fl-9b"/>
      </object_component>
      <object_component id="oc-bb">
         <name>.text:_HOSTclose</name>
         <load_address>0x800059a0</load_address>
         <run_address>0x800059a0</run_address>
         <size>0xa0</size>
         <input_file_ref idref="fl-84"/>
      </object_component>
      <object_component id="oc-cf">
         <name>.text:_HOSTtime</name>
         <load_address>0x80005a40</load_address>
         <run_address>0x80005a40</run_address>
         <size>0xa0</size>
         <input_file_ref idref="fl-84"/>
      </object_component>
      <object_component id="oc-ef">
         <name>.text:__cleanup</name>
         <load_address>0x80005ae0</load_address>
         <run_address>0x80005ae0</run_address>
         <size>0xa0</size>
         <input_file_ref idref="fl-a5"/>
      </object_component>
      <object_component id="oc-105">
         <name>.text:__divli</name>
         <load_address>0x80005b80</load_address>
         <run_address>0x80005b80</run_address>
         <size>0xa0</size>
         <input_file_ref idref="fl-96"/>
      </object_component>
      <object_component id="oc-f1">
         <name>.text:__ecpy</name>
         <load_address>0x80005c20</load_address>
         <run_address>0x80005c20</run_address>
         <size>0xa0</size>
         <input_file_ref idref="fl-87"/>
      </object_component>
      <object_component id="oc-f4">
         <name>.text:__fcpy</name>
         <load_address>0x80005cc0</load_address>
         <run_address>0x80005cc0</run_address>
         <size>0xa0</size>
         <input_file_ref idref="fl-87"/>
      </object_component>
      <object_component id="oc-fa">
         <name>.text:__fixdli</name>
         <load_address>0x80005d60</load_address>
         <run_address>0x80005d60</run_address>
         <size>0xa0</size>
         <input_file_ref idref="fl-91"/>
      </object_component>
      <object_component id="oc-e7">
         <name>.text:__pconv_f</name>
         <load_address>0x80005e00</load_address>
         <run_address>0x80005e00</run_address>
         <size>0xa0</size>
         <input_file_ref idref="fl-87"/>
      </object_component>
      <object_component id="oc-cd">
         <name>.text:__remu</name>
         <load_address>0x80005ea0</load_address>
         <run_address>0x80005ea0</run_address>
         <size>0xa0</size>
         <input_file_ref idref="fl-82"/>
      </object_component>
      <object_component id="oc-c1">
         <name>.text:_copy_in</name>
         <load_address>0x80005f40</load_address>
         <run_address>0x80005f40</run_address>
         <size>0xa0</size>
         <input_file_ref idref="fl-8c"/>
      </object_component>
      <object_component id="oc-10a">
         <name>.text:_finddevice</name>
         <load_address>0x80005fe0</load_address>
         <run_address>0x80005fe0</run_address>
         <size>0xa0</size>
         <input_file_ref idref="fl-9a"/>
      </object_component>
      <object_component id="oc-ec">
         <name>.text:_lseek</name>
         <load_address>0x80006080</load_address>
         <run_address>0x80006080</run_address>
         <size>0xa0</size>
         <input_file_ref idref="fl-9a"/>
      </object_component>
      <object_component id="oc-c2">
         <name>.text:_memcpy</name>
         <load_address>0x80006120</load_address>
         <run_address>0x80006120</run_address>
         <size>0xa0</size>
         <input_file_ref idref="fl-9d"/>
      </object_component>
      <object_component id="oc-f8">
         <name>.text:_minsert</name>
         <load_address>0x800061c0</load_address>
         <run_address>0x800061c0</run_address>
         <size>0xa0</size>
         <input_file_ref idref="fl-a6"/>
      </object_component>
      <object_component id="oc-f7">
         <name>.text:_mremove</name>
         <load_address>0x80006260</load_address>
         <run_address>0x80006260</run_address>
         <size>0xa0</size>
         <input_file_ref idref="fl-a6"/>
      </object_component>
      <object_component id="oc-db">
         <name>.text:_write</name>
         <load_address>0x80006300</load_address>
         <run_address>0x80006300</run_address>
         <size>0xa0</size>
         <input_file_ref idref="fl-9a"/>
      </object_component>
      <object_component id="oc-fc">
         <name>.text:__fltlid</name>
         <load_address>0x800063a0</load_address>
         <run_address>0x800063a0</run_address>
         <size>0x80</size>
         <input_file_ref idref="fl-92"/>
      </object_component>
      <object_component id="oc-106">
         <name>.text:__llshl</name>
         <load_address>0x80006420</load_address>
         <run_address>0x80006420</run_address>
         <size>0x80</size>
         <input_file_ref idref="fl-99"/>
      </object_component>
      <object_component id="oc-17">
         <name>.text:_c_int00</name>
         <load_address>0x800064a0</load_address>
         <run_address>0x800064a0</run_address>
         <size>0x80</size>
         <input_file_ref idref="fl-7d"/>
      </object_component>
      <object_component id="oc-ca">
         <name>.text:_rand</name>
         <load_address>0x80006520</load_address>
         <run_address>0x80006520</run_address>
         <size>0x80</size>
         <input_file_ref idref="fl-80"/>
      </object_component>
      <object_component id="oc-c7">
         <name>.text:_readmsg</name>
         <load_address>0x800065a0</load_address>
         <run_address>0x800065a0</run_address>
         <size>0x80</size>
         <input_file_ref idref="fl-85"/>
      </object_component>
      <object_component id="oc-108">
         <name>.text:_unlink</name>
         <load_address>0x80006620</load_address>
         <run_address>0x80006620</run_address>
         <size>0x80</size>
         <input_file_ref idref="fl-9a"/>
      </object_component>
      <object_component id="oc-c3">
         <name>.text:___TI_cpp_init</name>
         <load_address>0x800066a0</load_address>
         <run_address>0x800066a0</run_address>
         <size>0x60</size>
         <input_file_ref idref="fl-8b"/>
      </object_component>
      <object_component id="oc-107">
         <name>.text:__subcull</name>
         <load_address>0x80006700</load_address>
         <run_address>0x80006700</run_address>
         <size>0x60</size>
         <input_file_ref idref="fl-97"/>
      </object_component>
      <object_component id="oc-e0">
         <name>.text:_memccpy</name>
         <load_address>0x80006760</load_address>
         <run_address>0x80006760</run_address>
         <size>0x60</size>
         <input_file_ref idref="fl-9c"/>
      </object_component>
      <object_component id="oc-c9">
         <name>.text:_srand</name>
         <load_address>0x800067c0</load_address>
         <run_address>0x800067c0</run_address>
         <size>0x60</size>
         <input_file_ref idref="fl-80"/>
      </object_component>
      <object_component id="oc-c6">
         <name>.text:_writemsg</name>
         <load_address>0x80006820</load_address>
         <run_address>0x80006820</run_address>
         <size>0x60</size>
         <input_file_ref idref="fl-85"/>
      </object_component>
      <object_component id="oc-e5">
         <name>.text:___isinf</name>
         <load_address>0x80006880</load_address>
         <run_address>0x80006880</run_address>
         <size>0x40</size>
         <input_file_ref idref="fl-98"/>
      </object_component>
      <object_component id="oc-e4">
         <name>.text:___isnan</name>
         <load_address>0x800068c0</load_address>
         <run_address>0x800068c0</run_address>
         <size>0x40</size>
         <input_file_ref idref="fl-87"/>
      </object_component>
      <object_component id="oc-b7">
         <name>.text:__args_main</name>
         <load_address>0x80006900</load_address>
         <run_address>0x80006900</run_address>
         <size>0x40</size>
         <input_file_ref idref="fl-88"/>
      </object_component>
      <object_component id="oc-fe">
         <name>.text:__frcmpyd_div</name>
         <load_address>0x80006940</load_address>
         <run_address>0x80006940</run_address>
         <size>0x40</size>
         <input_file_ref idref="fl-95"/>
      </object_component>
      <object_component id="oc-fd">
         <name>.text:__llshru</name>
         <load_address>0x80006980</load_address>
         <run_address>0x80006980</run_address>
         <size>0x40</size>
         <input_file_ref idref="fl-99"/>
      </object_component>
      <object_component id="oc-104">
         <name>.text:__remli</name>
         <load_address>0x800069c0</load_address>
         <run_address>0x800069c0</run_address>
         <size>0x40</size>
         <input_file_ref idref="fl-96"/>
      </object_component>
      <object_component id="oc-c8">
         <name>.text:_time</name>
         <load_address>0x80006a00</load_address>
         <run_address>0x80006a00</run_address>
         <size>0x40</size>
         <input_file_ref idref="fl-83"/>
      </object_component>
      <object_component id="oc-ea">
         <name>.text:__negll</name>
         <load_address>0x80006a40</load_address>
         <run_address>0x80006a40</run_address>
         <size>0x20</size>
         <input_file_ref idref="fl-9f"/>
      </object_component>
      <object_component id="oc-b9">
         <name>.text:__nop</name>
         <load_address>0x80006a60</load_address>
         <run_address>0x80006a60</run_address>
         <size>0x20</size>
         <input_file_ref idref="fl-86"/>
      </object_component>
      <object_component id="oc-d2">
         <name>.text:__outc</name>
         <load_address>0x80006a80</load_address>
         <run_address>0x80006a80</run_address>
         <size>0x20</size>
         <input_file_ref idref="fl-7f"/>
      </object_component>
      <object_component id="oc-d0">
         <name>.text:__outs</name>
         <load_address>0x80006aa0</load_address>
         <run_address>0x80006aa0</run_address>
         <size>0x20</size>
         <input_file_ref idref="fl-7f"/>
      </object_component>
      <object_component id="oc-c5">
         <name>.text:_abort</name>
         <load_address>0x80006ac0</load_address>
         <run_address>0x80006ac0</run_address>
         <size>0x20</size>
         <input_file_ref idref="fl-7e"/>
      </object_component>
      <object_component id="oc-103">
         <name>.text:_remove</name>
         <load_address>0x80006ae0</load_address>
         <run_address>0x80006ae0</run_address>
         <size>0x20</size>
         <input_file_ref idref="fl-a8"/>
      </object_component>
      <object_component id="oc-21">
         <name>.stack</name>
         <uninitialized>true</uninitialized>
         <run_address>0x80006b00</run_address>
         <size>0x8</size>
         <input_file_ref idref="fl-7d"/>
      </object_component>
      <object_component id="oc-129">
         <name>.stack</name>
         <uninitialized>true</uninitialized>
         <run_address>0x80006b00</run_address>
         <size>0x0</size>
      </object_component>
      <object_component id="oc-18">
         <name>.bss</name>
         <uninitialized>true</uninitialized>
         <run_address>0x800086f8</run_address>
         <size>0x21</size>
         <input_file_ref idref="fl-2"/>
      </object_component>
      <object_component id="oc-3f">
         <name>.cio</name>
         <uninitialized>true</uninitialized>
         <run_address>0x800085d8</run_address>
         <size>0x120</size>
         <input_file_ref idref="fl-85"/>
      </object_component>
      <object_component id="oc-1c">
         <name>.const:.string</name>
         <load_address>0x80008160</load_address>
         <run_address>0x80008160</run_address>
         <size>0x168</size>
         <input_file_ref idref="fl-2"/>
      </object_component>
      <object_component id="oc-e3">
         <name>.const:.string:__ctypes_</name>
         <load_address>0x800082c8</load_address>
         <run_address>0x800082c8</run_address>
         <size>0x101</size>
         <input_file_ref idref="fl-8d"/>
      </object_component>
      <object_component id="oc-48">
         <name>.const:.string</name>
         <load_address>0x800083c9</load_address>
         <run_address>0x800083c9</run_address>
         <size>0x23</size>
         <input_file_ref idref="fl-87"/>
      </object_component>
      <object_component id="oc-70">
         <name>.const:.string</name>
         <load_address>0x800083ec</load_address>
         <run_address>0x800083ec</run_address>
         <size>0x2</size>
         <input_file_ref idref="fl-94"/>
      </object_component>
      <object_component id="oc-ce">
         <name>.switch:_update_flag</name>
         <load_address>0x8000871c</load_address>
         <run_address>0x8000871c</run_address>
         <size>0x1c</size>
         <input_file_ref idref="fl-2"/>
      </object_component>
      <object_component id="oc-ad">
         <name>.sysmem</name>
         <uninitialized>true</uninitialized>
         <run_address>0x80007300</run_address>
         <size>0x8</size>
         <input_file_ref idref="fl-a6"/>
      </object_component>
      <object_component id="oc-12a">
         <name>.sysmem</name>
         <uninitialized>true</uninitialized>
         <run_address>0x80007300</run_address>
         <size>0x0</size>
      </object_component>
      <object_component id="oc-1b">
         <name>.far</name>
         <uninitialized>true</uninitialized>
         <run_address>0x80007e28</run_address>
         <size>0x1f0</size>
         <input_file_ref idref="fl-2"/>
      </object_component>
      <object_component id="oc-26">
         <name>.far</name>
         <uninitialized>true</uninitialized>
         <run_address>0x80008134</run_address>
         <size>0xc</size>
         <input_file_ref idref="fl-7e"/>
      </object_component>
      <object_component id="oc-2e">
         <name>.far</name>
         <uninitialized>true</uninitialized>
         <run_address>0x80008150</run_address>
         <size>0x8</size>
         <input_file_ref idref="fl-80"/>
      </object_component>
      <object_component id="oc-3b">
         <name>.far</name>
         <uninitialized>true</uninitialized>
         <run_address>0x80008158</run_address>
         <size>0x8</size>
         <input_file_ref idref="fl-84"/>
      </object_component>
      <object_component id="oc-44">
         <name>.far</name>
         <uninitialized>true</uninitialized>
         <run_address>0x80008140</run_address>
         <size>0x8</size>
         <input_file_ref idref="fl-86"/>
      </object_component>
      <object_component id="oc-5e">
         <name>.far</name>
         <uninitialized>true</uninitialized>
         <run_address>0x80007b00</run_address>
         <size>0x324</size>
         <input_file_ref idref="fl-8e"/>
      </object_component>
      <object_component id="oc-84">
         <name>.far</name>
         <uninitialized>true</uninitialized>
         <run_address>0x80008018</run_address>
         <size>0x11c</size>
         <input_file_ref idref="fl-9a"/>
      </object_component>
      <object_component id="oc-a7">
         <name>.far</name>
         <uninitialized>true</uninitialized>
         <run_address>0x80007e24</run_address>
         <size>0x4</size>
         <input_file_ref idref="fl-a5"/>
      </object_component>
      <object_component id="oc-ac">
         <name>.far</name>
         <uninitialized>true</uninitialized>
         <run_address>0x80008148</run_address>
         <size>0x8</size>
         <input_file_ref idref="fl-a6"/>
      </object_component>
      <object_component id="oc-1a">
         <name>.cinit</name>
         <load_address>0x800083f0</load_address>
         <run_address>0x800083f0</run_address>
         <size>0x79</size>
         <input_file_ref idref="fl-2"/>
      </object_component>
      <object_component id="oc-5d">
         <name>.cinit</name>
         <load_address>0x80008470</load_address>
         <run_address>0x80008470</run_address>
         <size>0x5c</size>
         <input_file_ref idref="fl-8e"/>
      </object_component>
      <object_component id="oc-83">
         <name>.cinit</name>
         <load_address>0x800084d0</load_address>
         <run_address>0x800084d0</run_address>
         <size>0x5c</size>
         <input_file_ref idref="fl-9a"/>
      </object_component>
      <object_component id="oc-25">
         <name>.cinit</name>
         <load_address>0x80008530</load_address>
         <run_address>0x80008530</run_address>
         <size>0x2c</size>
         <input_file_ref idref="fl-7e"/>
      </object_component>
      <object_component id="oc-ab">
         <name>.cinit</name>
         <load_address>0x80008560</load_address>
         <run_address>0x80008560</run_address>
         <size>0x2c</size>
         <input_file_ref idref="fl-a6"/>
      </object_component>
      <object_component id="oc-43">
         <name>.cinit</name>
         <load_address>0x80008590</load_address>
         <run_address>0x80008590</run_address>
         <size>0x1c</size>
         <input_file_ref idref="fl-86"/>
      </object_component>
      <object_component id="oc-2d">
         <name>.cinit</name>
         <load_address>0x800085b0</load_address>
         <run_address>0x800085b0</run_address>
         <size>0x10</size>
         <input_file_ref idref="fl-80"/>
      </object_component>
      <object_component id="oc-a6">
         <name>.cinit</name>
         <load_address>0x800085c0</load_address>
         <run_address>0x800085c0</run_address>
         <size>0xc</size>
         <input_file_ref idref="fl-a5"/>
      </object_component>
      <object_component id="oc-19">
         <name>.debug_info</name>
         <load_address>0x0</load_address>
         <run_address>0x0</run_address>
         <size>0x1470</size>
         <input_file_ref idref="fl-2"/>
      </object_component>
      <object_component id="oc-20">
         <name>.debug_info</name>
         <load_address>0x1470</load_address>
         <run_address>0x1470</run_address>
         <size>0x6f2</size>
         <input_file_ref idref="fl-7d"/>
      </object_component>
      <object_component id="oc-24">
         <name>.debug_info</name>
         <load_address>0x1b62</load_address>
         <run_address>0x1b62</run_address>
         <size>0x7bf</size>
         <input_file_ref idref="fl-7e"/>
      </object_component>
      <object_component id="oc-29">
         <name>.debug_info</name>
         <load_address>0x2321</load_address>
         <run_address>0x2321</run_address>
         <size>0x8e9</size>
         <input_file_ref idref="fl-7f"/>
      </object_component>
      <object_component id="oc-2c">
         <name>.debug_info</name>
         <load_address>0x2c0a</load_address>
         <run_address>0x2c0a</run_address>
         <size>0x6ae</size>
         <input_file_ref idref="fl-80"/>
      </object_component>
      <object_component id="oc-31">
         <name>.debug_info</name>
         <load_address>0x32b8</load_address>
         <run_address>0x32b8</run_address>
         <size>0xbd</size>
         <input_file_ref idref="fl-81"/>
      </object_component>
      <object_component id="oc-34">
         <name>.debug_info</name>
         <load_address>0x3375</load_address>
         <run_address>0x3375</run_address>
         <size>0xbd</size>
         <input_file_ref idref="fl-82"/>
      </object_component>
      <object_component id="oc-37">
         <name>.debug_info</name>
         <load_address>0x3432</load_address>
         <run_address>0x3432</run_address>
         <size>0x647</size>
         <input_file_ref idref="fl-83"/>
      </object_component>
      <object_component id="oc-3a">
         <name>.debug_info</name>
         <load_address>0x3a79</load_address>
         <run_address>0x3a79</run_address>
         <size>0xe40</size>
         <input_file_ref idref="fl-84"/>
      </object_component>
      <object_component id="oc-3e">
         <name>.debug_info</name>
         <load_address>0x48b9</load_address>
         <run_address>0x48b9</run_address>
         <size>0x850</size>
         <input_file_ref idref="fl-85"/>
      </object_component>
      <object_component id="oc-42">
         <name>.debug_info</name>
         <load_address>0x5109</load_address>
         <run_address>0x5109</run_address>
         <size>0x633</size>
         <input_file_ref idref="fl-86"/>
      </object_component>
      <object_component id="oc-47">
         <name>.debug_info</name>
         <load_address>0x573c</load_address>
         <run_address>0x573c</run_address>
         <size>0x2674</size>
         <input_file_ref idref="fl-87"/>
      </object_component>
      <object_component id="oc-4b">
         <name>.debug_info</name>
         <load_address>0x7db0</load_address>
         <run_address>0x7db0</run_address>
         <size>0x6c8</size>
         <input_file_ref idref="fl-88"/>
      </object_component>
      <object_component id="oc-4e">
         <name>.debug_info</name>
         <load_address>0x8478</load_address>
         <run_address>0x8478</run_address>
         <size>0x6d5</size>
         <input_file_ref idref="fl-89"/>
      </object_component>
      <object_component id="oc-51">
         <name>.debug_info</name>
         <load_address>0x8b4d</load_address>
         <run_address>0x8b4d</run_address>
         <size>0x83e</size>
         <input_file_ref idref="fl-8a"/>
      </object_component>
      <object_component id="oc-54">
         <name>.debug_info</name>
         <load_address>0x938b</load_address>
         <run_address>0x938b</run_address>
         <size>0x6b6</size>
         <input_file_ref idref="fl-8b"/>
      </object_component>
      <object_component id="oc-57">
         <name>.debug_info</name>
         <load_address>0x9a41</load_address>
         <run_address>0x9a41</run_address>
         <size>0x7ac</size>
         <input_file_ref idref="fl-8c"/>
      </object_component>
      <object_component id="oc-5a">
         <name>.debug_info</name>
         <load_address>0xa1ed</load_address>
         <run_address>0xa1ed</run_address>
         <size>0x5e1</size>
         <input_file_ref idref="fl-8d"/>
      </object_component>
      <object_component id="oc-5c">
         <name>.debug_info</name>
         <load_address>0xa7ce</load_address>
         <run_address>0xa7ce</run_address>
         <size>0x6ce</size>
         <input_file_ref idref="fl-8e"/>
      </object_component>
      <object_component id="oc-60">
         <name>.debug_info</name>
         <load_address>0xae9c</load_address>
         <run_address>0xae9c</run_address>
         <size>0x96a</size>
         <input_file_ref idref="fl-8f"/>
      </object_component>
      <object_component id="oc-63">
         <name>.debug_info</name>
         <load_address>0xb806</load_address>
         <run_address>0xb806</run_address>
         <size>0xbd</size>
         <input_file_ref idref="fl-90"/>
      </object_component>
      <object_component id="oc-66">
         <name>.debug_info</name>
         <load_address>0xb8c3</load_address>
         <run_address>0xb8c3</run_address>
         <size>0x67e</size>
         <input_file_ref idref="fl-91"/>
      </object_component>
      <object_component id="oc-69">
         <name>.debug_info</name>
         <load_address>0xbf41</load_address>
         <run_address>0xbf41</run_address>
         <size>0x697</size>
         <input_file_ref idref="fl-92"/>
      </object_component>
      <object_component id="oc-6c">
         <name>.debug_info</name>
         <load_address>0xc5d8</load_address>
         <run_address>0xc5d8</run_address>
         <size>0x811</size>
         <input_file_ref idref="fl-93"/>
      </object_component>
      <object_component id="oc-6f">
         <name>.debug_info</name>
         <load_address>0xcde9</load_address>
         <run_address>0xcde9</run_address>
         <size>0xa9d</size>
         <input_file_ref idref="fl-94"/>
      </object_component>
      <object_component id="oc-73">
         <name>.debug_info</name>
         <load_address>0xd886</load_address>
         <run_address>0xd886</run_address>
         <size>0x653</size>
         <input_file_ref idref="fl-95"/>
      </object_component>
      <object_component id="oc-76">
         <name>.debug_info</name>
         <load_address>0xded9</load_address>
         <run_address>0xded9</run_address>
         <size>0x78a</size>
         <input_file_ref idref="fl-96"/>
      </object_component>
      <object_component id="oc-79">
         <name>.debug_info</name>
         <load_address>0xe663</load_address>
         <run_address>0xe663</run_address>
         <size>0x785</size>
         <input_file_ref idref="fl-97"/>
      </object_component>
      <object_component id="oc-7c">
         <name>.debug_info</name>
         <load_address>0xede8</load_address>
         <run_address>0xede8</run_address>
         <size>0x7fd</size>
         <input_file_ref idref="fl-98"/>
      </object_component>
      <object_component id="oc-7f">
         <name>.debug_info</name>
         <load_address>0xf5e5</load_address>
         <run_address>0xf5e5</run_address>
         <size>0x6e8</size>
         <input_file_ref idref="fl-99"/>
      </object_component>
      <object_component id="oc-82">
         <name>.debug_info</name>
         <load_address>0xfccd</load_address>
         <run_address>0xfccd</run_address>
         <size>0xe70</size>
         <input_file_ref idref="fl-9a"/>
      </object_component>
      <object_component id="oc-87">
         <name>.debug_info</name>
         <load_address>0x10b3d</load_address>
         <run_address>0x10b3d</run_address>
         <size>0x716</size>
         <input_file_ref idref="fl-9b"/>
      </object_component>
      <object_component id="oc-8a">
         <name>.debug_info</name>
         <load_address>0x11253</load_address>
         <run_address>0x11253</run_address>
         <size>0x6b9</size>
         <input_file_ref idref="fl-9c"/>
      </object_component>
      <object_component id="oc-8d">
         <name>.debug_info</name>
         <load_address>0x1190c</load_address>
         <run_address>0x1190c</run_address>
         <size>0xcc</size>
         <input_file_ref idref="fl-9d"/>
      </object_component>
      <object_component id="oc-90">
         <name>.debug_info</name>
         <load_address>0x119d8</load_address>
         <run_address>0x119d8</run_address>
         <size>0x79d</size>
         <input_file_ref idref="fl-9e"/>
      </object_component>
      <object_component id="oc-93">
         <name>.debug_info</name>
         <load_address>0x12175</load_address>
         <run_address>0x12175</run_address>
         <size>0x5ff</size>
         <input_file_ref idref="fl-9f"/>
      </object_component>
      <object_component id="oc-96">
         <name>.debug_info</name>
         <load_address>0x12774</load_address>
         <run_address>0x12774</run_address>
         <size>0x741</size>
         <input_file_ref idref="fl-a0"/>
      </object_component>
      <object_component id="oc-99">
         <name>.debug_info</name>
         <load_address>0x12eb5</load_address>
         <run_address>0x12eb5</run_address>
         <size>0x5b3</size>
         <input_file_ref idref="fl-a1"/>
      </object_component>
      <object_component id="oc-9c">
         <name>.debug_info</name>
         <load_address>0x13468</load_address>
         <run_address>0x13468</run_address>
         <size>0x768</size>
         <input_file_ref idref="fl-a2"/>
      </object_component>
      <object_component id="oc-9f">
         <name>.debug_info</name>
         <load_address>0x13bd0</load_address>
         <run_address>0x13bd0</run_address>
         <size>0x7a0</size>
         <input_file_ref idref="fl-a3"/>
      </object_component>
      <object_component id="oc-a2">
         <name>.debug_info</name>
         <load_address>0x14370</load_address>
         <run_address>0x14370</run_address>
         <size>0x7f3</size>
         <input_file_ref idref="fl-a4"/>
      </object_component>
      <object_component id="oc-a5">
         <name>.debug_info</name>
         <load_address>0x14b63</load_address>
         <run_address>0x14b63</run_address>
         <size>0x852</size>
         <input_file_ref idref="fl-a5"/>
      </object_component>
      <object_component id="oc-aa">
         <name>.debug_info</name>
         <load_address>0x153b5</load_address>
         <run_address>0x153b5</run_address>
         <size>0xabf</size>
         <input_file_ref idref="fl-a6"/>
      </object_component>
      <object_component id="oc-b0">
         <name>.debug_info</name>
         <load_address>0x15e74</load_address>
         <run_address>0x15e74</run_address>
         <size>0x7ed</size>
         <input_file_ref idref="fl-a7"/>
      </object_component>
      <object_component id="oc-b3">
         <name>.debug_info</name>
         <load_address>0x16661</load_address>
         <run_address>0x16661</run_address>
         <size>0x64b</size>
         <input_file_ref idref="fl-a8"/>
      </object_component>
      <object_component id="oc-12b">
         <name>.debug_info</name>
         <load_address>0x16cac</load_address>
         <run_address>0x16cac</run_address>
         <size>0x6d</size>
      </object_component>
      <object_component id="oc-1d">
         <name>.debug_frame</name>
         <load_address>0x0</load_address>
         <run_address>0x0</run_address>
         <size>0x2b5</size>
         <input_file_ref idref="fl-2"/>
      </object_component>
      <object_component id="oc-1e">
         <name>.debug_line</name>
         <load_address>0x0</load_address>
         <run_address>0x0</run_address>
         <size>0x338</size>
         <input_file_ref idref="fl-2"/>
      </object_component>
      <object_component id="oc-22">
         <name>.debug_line</name>
         <load_address>0x338</load_address>
         <run_address>0x338</run_address>
         <size>0x3d</size>
         <input_file_ref idref="fl-7d"/>
      </object_component>
      <object_component id="oc-27">
         <name>.debug_line</name>
         <load_address>0x375</load_address>
         <run_address>0x375</run_address>
         <size>0x4f</size>
         <input_file_ref idref="fl-7e"/>
      </object_component>
      <object_component id="oc-2a">
         <name>.debug_line</name>
         <load_address>0x3c4</load_address>
         <run_address>0x3c4</run_address>
         <size>0x6a</size>
         <input_file_ref idref="fl-7f"/>
      </object_component>
      <object_component id="oc-2f">
         <name>.debug_line</name>
         <load_address>0x42e</load_address>
         <run_address>0x42e</run_address>
         <size>0x53</size>
         <input_file_ref idref="fl-80"/>
      </object_component>
      <object_component id="oc-32">
         <name>.debug_line</name>
         <load_address>0x481</load_address>
         <run_address>0x481</run_address>
         <size>0x43</size>
         <input_file_ref idref="fl-81"/>
      </object_component>
      <object_component id="oc-35">
         <name>.debug_line</name>
         <load_address>0x4c4</load_address>
         <run_address>0x4c4</run_address>
         <size>0x41</size>
         <input_file_ref idref="fl-82"/>
      </object_component>
      <object_component id="oc-38">
         <name>.debug_line</name>
         <load_address>0x505</load_address>
         <run_address>0x505</run_address>
         <size>0x37</size>
         <input_file_ref idref="fl-83"/>
      </object_component>
      <object_component id="oc-3c">
         <name>.debug_line</name>
         <load_address>0x53c</load_address>
         <run_address>0x53c</run_address>
         <size>0x13c</size>
         <input_file_ref idref="fl-84"/>
      </object_component>
      <object_component id="oc-40">
         <name>.debug_line</name>
         <load_address>0x678</load_address>
         <run_address>0x678</run_address>
         <size>0x66</size>
         <input_file_ref idref="fl-85"/>
      </object_component>
      <object_component id="oc-45">
         <name>.debug_line</name>
         <load_address>0x6de</load_address>
         <run_address>0x6de</run_address>
         <size>0x35</size>
         <input_file_ref idref="fl-86"/>
      </object_component>
      <object_component id="oc-49">
         <name>.debug_line</name>
         <load_address>0x713</load_address>
         <run_address>0x713</run_address>
         <size>0x31a</size>
         <input_file_ref idref="fl-87"/>
      </object_component>
      <object_component id="oc-4c">
         <name>.debug_line</name>
         <load_address>0xa2d</load_address>
         <run_address>0xa2d</run_address>
         <size>0x3f</size>
         <input_file_ref idref="fl-88"/>
      </object_component>
      <object_component id="oc-4f">
         <name>.debug_line</name>
         <load_address>0xa6c</load_address>
         <run_address>0xa6c</run_address>
         <size>0x45</size>
         <input_file_ref idref="fl-89"/>
      </object_component>
      <object_component id="oc-52">
         <name>.debug_line</name>
         <load_address>0xab1</load_address>
         <run_address>0xab1</run_address>
         <size>0x49</size>
         <input_file_ref idref="fl-8a"/>
      </object_component>
      <object_component id="oc-55">
         <name>.debug_line</name>
         <load_address>0xafa</load_address>
         <run_address>0xafa</run_address>
         <size>0x45</size>
         <input_file_ref idref="fl-8b"/>
      </object_component>
      <object_component id="oc-58">
         <name>.debug_line</name>
         <load_address>0xb3f</load_address>
         <run_address>0xb3f</run_address>
         <size>0x44</size>
         <input_file_ref idref="fl-8c"/>
      </object_component>
      <object_component id="oc-61">
         <name>.debug_line</name>
         <load_address>0xb83</load_address>
         <run_address>0xb83</run_address>
         <size>0x3c</size>
         <input_file_ref idref="fl-8f"/>
      </object_component>
      <object_component id="oc-64">
         <name>.debug_line</name>
         <load_address>0xbbf</load_address>
         <run_address>0xbbf</run_address>
         <size>0x44</size>
         <input_file_ref idref="fl-90"/>
      </object_component>
      <object_component id="oc-67">
         <name>.debug_line</name>
         <load_address>0xc03</load_address>
         <run_address>0xc03</run_address>
         <size>0x3d</size>
         <input_file_ref idref="fl-91"/>
      </object_component>
      <object_component id="oc-6a">
         <name>.debug_line</name>
         <load_address>0xc40</load_address>
         <run_address>0xc40</run_address>
         <size>0x3d</size>
         <input_file_ref idref="fl-92"/>
      </object_component>
      <object_component id="oc-6d">
         <name>.debug_line</name>
         <load_address>0xc7d</load_address>
         <run_address>0xc7d</run_address>
         <size>0x3f</size>
         <input_file_ref idref="fl-93"/>
      </object_component>
      <object_component id="oc-71">
         <name>.debug_line</name>
         <load_address>0xcbc</load_address>
         <run_address>0xcbc</run_address>
         <size>0x93</size>
         <input_file_ref idref="fl-94"/>
      </object_component>
      <object_component id="oc-74">
         <name>.debug_line</name>
         <load_address>0xd4f</load_address>
         <run_address>0xd4f</run_address>
         <size>0x3e</size>
         <input_file_ref idref="fl-95"/>
      </object_component>
      <object_component id="oc-77">
         <name>.debug_line</name>
         <load_address>0xd8d</load_address>
         <run_address>0xd8d</run_address>
         <size>0x73</size>
         <input_file_ref idref="fl-96"/>
      </object_component>
      <object_component id="oc-7a">
         <name>.debug_line</name>
         <load_address>0xe00</load_address>
         <run_address>0xe00</run_address>
         <size>0x61</size>
         <input_file_ref idref="fl-97"/>
      </object_component>
      <object_component id="oc-7d">
         <name>.debug_line</name>
         <load_address>0xe61</load_address>
         <run_address>0xe61</run_address>
         <size>0x38</size>
         <input_file_ref idref="fl-98"/>
      </object_component>
      <object_component id="oc-80">
         <name>.debug_line</name>
         <load_address>0xe99</load_address>
         <run_address>0xe99</run_address>
         <size>0x56</size>
         <input_file_ref idref="fl-99"/>
      </object_component>
      <object_component id="oc-85">
         <name>.debug_line</name>
         <load_address>0xeef</load_address>
         <run_address>0xeef</run_address>
         <size>0xf5</size>
         <input_file_ref idref="fl-9a"/>
      </object_component>
      <object_component id="oc-88">
         <name>.debug_line</name>
         <load_address>0xfe4</load_address>
         <run_address>0xfe4</run_address>
         <size>0x40</size>
         <input_file_ref idref="fl-9b"/>
      </object_component>
      <object_component id="oc-8b">
         <name>.debug_line</name>
         <load_address>0x1024</load_address>
         <run_address>0x1024</run_address>
         <size>0x3f</size>
         <input_file_ref idref="fl-9c"/>
      </object_component>
      <object_component id="oc-8e">
         <name>.debug_line</name>
         <load_address>0x1063</load_address>
         <run_address>0x1063</run_address>
         <size>0x4a</size>
         <input_file_ref idref="fl-9d"/>
      </object_component>
      <object_component id="oc-91">
         <name>.debug_line</name>
         <load_address>0x10ad</load_address>
         <run_address>0x10ad</run_address>
         <size>0x46</size>
         <input_file_ref idref="fl-9e"/>
      </object_component>
      <object_component id="oc-94">
         <name>.debug_line</name>
         <load_address>0x10f3</load_address>
         <run_address>0x10f3</run_address>
         <size>0x39</size>
         <input_file_ref idref="fl-9f"/>
      </object_component>
      <object_component id="oc-97">
         <name>.debug_line</name>
         <load_address>0x112c</load_address>
         <run_address>0x112c</run_address>
         <size>0x40</size>
         <input_file_ref idref="fl-a0"/>
      </object_component>
      <object_component id="oc-9a">
         <name>.debug_line</name>
         <load_address>0x116c</load_address>
         <run_address>0x116c</run_address>
         <size>0x23</size>
         <input_file_ref idref="fl-a1"/>
      </object_component>
      <object_component id="oc-9d">
         <name>.debug_line</name>
         <load_address>0x118f</load_address>
         <run_address>0x118f</run_address>
         <size>0x3e</size>
         <input_file_ref idref="fl-a2"/>
      </object_component>
      <object_component id="oc-a0">
         <name>.debug_line</name>
         <load_address>0x11cd</load_address>
         <run_address>0x11cd</run_address>
         <size>0x3c</size>
         <input_file_ref idref="fl-a3"/>
      </object_component>
      <object_component id="oc-a3">
         <name>.debug_line</name>
         <load_address>0x1209</load_address>
         <run_address>0x1209</run_address>
         <size>0x3f</size>
         <input_file_ref idref="fl-a4"/>
      </object_component>
      <object_component id="oc-a8">
         <name>.debug_line</name>
         <load_address>0x1248</load_address>
         <run_address>0x1248</run_address>
         <size>0x42</size>
         <input_file_ref idref="fl-a5"/>
      </object_component>
      <object_component id="oc-ae">
         <name>.debug_line</name>
         <load_address>0x128a</load_address>
         <run_address>0x128a</run_address>
         <size>0xa7</size>
         <input_file_ref idref="fl-a6"/>
      </object_component>
      <object_component id="oc-b1">
         <name>.debug_line</name>
         <load_address>0x1331</load_address>
         <run_address>0x1331</run_address>
         <size>0x3e</size>
         <input_file_ref idref="fl-a7"/>
      </object_component>
      <object_component id="oc-b4">
         <name>.debug_line</name>
         <load_address>0x136f</load_address>
         <run_address>0x136f</run_address>
         <size>0x39</size>
         <input_file_ref idref="fl-a8"/>
      </object_component>
      <object_component id="oc-1f">
         <name>.debug_abbrev</name>
         <load_address>0x0</load_address>
         <run_address>0x0</run_address>
         <size>0x1c9</size>
         <input_file_ref idref="fl-2"/>
      </object_component>
      <object_component id="oc-23">
         <name>.debug_abbrev</name>
         <load_address>0x1c9</load_address>
         <run_address>0x1c9</run_address>
         <size>0xfe</size>
         <input_file_ref idref="fl-7d"/>
      </object_component>
      <object_component id="oc-28">
         <name>.debug_abbrev</name>
         <load_address>0x2c7</load_address>
         <run_address>0x2c7</run_address>
         <size>0x119</size>
         <input_file_ref idref="fl-7e"/>
      </object_component>
      <object_component id="oc-2b">
         <name>.debug_abbrev</name>
         <load_address>0x3e0</load_address>
         <run_address>0x3e0</run_address>
         <size>0x161</size>
         <input_file_ref idref="fl-7f"/>
      </object_component>
      <object_component id="oc-30">
         <name>.debug_abbrev</name>
         <load_address>0x541</load_address>
         <run_address>0x541</run_address>
         <size>0xeb</size>
         <input_file_ref idref="fl-80"/>
      </object_component>
      <object_component id="oc-33">
         <name>.debug_abbrev</name>
         <load_address>0x62c</load_address>
         <run_address>0x62c</run_address>
         <size>0x3a</size>
         <input_file_ref idref="fl-81"/>
      </object_component>
      <object_component id="oc-36">
         <name>.debug_abbrev</name>
         <load_address>0x666</load_address>
         <run_address>0x666</run_address>
         <size>0x3a</size>
         <input_file_ref idref="fl-82"/>
      </object_component>
      <object_component id="oc-39">
         <name>.debug_abbrev</name>
         <load_address>0x6a0</load_address>
         <run_address>0x6a0</run_address>
         <size>0xb3</size>
         <input_file_ref idref="fl-83"/>
      </object_component>
      <object_component id="oc-3d">
         <name>.debug_abbrev</name>
         <load_address>0x753</load_address>
         <run_address>0x753</run_address>
         <size>0x180</size>
         <input_file_ref idref="fl-84"/>
      </object_component>
      <object_component id="oc-41">
         <name>.debug_abbrev</name>
         <load_address>0x8d3</load_address>
         <run_address>0x8d3</run_address>
         <size>0xd5</size>
         <input_file_ref idref="fl-85"/>
      </object_component>
      <object_component id="oc-46">
         <name>.debug_abbrev</name>
         <load_address>0x9a8</load_address>
         <run_address>0x9a8</run_address>
         <size>0x9f</size>
         <input_file_ref idref="fl-86"/>
      </object_component>
      <object_component id="oc-4a">
         <name>.debug_abbrev</name>
         <load_address>0xa47</load_address>
         <run_address>0xa47</run_address>
         <size>0x1d1</size>
         <input_file_ref idref="fl-87"/>
      </object_component>
      <object_component id="oc-4d">
         <name>.debug_abbrev</name>
         <load_address>0xc18</load_address>
         <run_address>0xc18</run_address>
         <size>0xe1</size>
         <input_file_ref idref="fl-88"/>
      </object_component>
      <object_component id="oc-50">
         <name>.debug_abbrev</name>
         <load_address>0xcf9</load_address>
         <run_address>0xcf9</run_address>
         <size>0xcc</size>
         <input_file_ref idref="fl-89"/>
      </object_component>
      <object_component id="oc-53">
         <name>.debug_abbrev</name>
         <load_address>0xdc5</load_address>
         <run_address>0xdc5</run_address>
         <size>0x13f</size>
         <input_file_ref idref="fl-8a"/>
      </object_component>
      <object_component id="oc-56">
         <name>.debug_abbrev</name>
         <load_address>0xf04</load_address>
         <run_address>0xf04</run_address>
         <size>0xdd</size>
         <input_file_ref idref="fl-8b"/>
      </object_component>
      <object_component id="oc-59">
         <name>.debug_abbrev</name>
         <load_address>0xfe1</load_address>
         <run_address>0xfe1</run_address>
         <size>0x10c</size>
         <input_file_ref idref="fl-8c"/>
      </object_component>
      <object_component id="oc-5b">
         <name>.debug_abbrev</name>
         <load_address>0x10ed</load_address>
         <run_address>0x10ed</run_address>
         <size>0x5f</size>
         <input_file_ref idref="fl-8d"/>
      </object_component>
      <object_component id="oc-5f">
         <name>.debug_abbrev</name>
         <load_address>0x114c</load_address>
         <run_address>0x114c</run_address>
         <size>0x8e</size>
         <input_file_ref idref="fl-8e"/>
      </object_component>
      <object_component id="oc-62">
         <name>.debug_abbrev</name>
         <load_address>0x11da</load_address>
         <run_address>0x11da</run_address>
         <size>0xf5</size>
         <input_file_ref idref="fl-8f"/>
      </object_component>
      <object_component id="oc-65">
         <name>.debug_abbrev</name>
         <load_address>0x12cf</load_address>
         <run_address>0x12cf</run_address>
         <size>0x3a</size>
         <input_file_ref idref="fl-90"/>
      </object_component>
      <object_component id="oc-68">
         <name>.debug_abbrev</name>
         <load_address>0x1309</load_address>
         <run_address>0x1309</run_address>
         <size>0xac</size>
         <input_file_ref idref="fl-91"/>
      </object_component>
      <object_component id="oc-6b">
         <name>.debug_abbrev</name>
         <load_address>0x13b5</load_address>
         <run_address>0x13b5</run_address>
         <size>0xc3</size>
         <input_file_ref idref="fl-92"/>
      </object_component>
      <object_component id="oc-6e">
         <name>.debug_abbrev</name>
         <load_address>0x1478</load_address>
         <run_address>0x1478</run_address>
         <size>0x11f</size>
         <input_file_ref idref="fl-93"/>
      </object_component>
      <object_component id="oc-72">
         <name>.debug_abbrev</name>
         <load_address>0x1597</load_address>
         <run_address>0x1597</run_address>
         <size>0x14b</size>
         <input_file_ref idref="fl-94"/>
      </object_component>
      <object_component id="oc-75">
         <name>.debug_abbrev</name>
         <load_address>0x16e2</load_address>
         <run_address>0x16e2</run_address>
         <size>0x8c</size>
         <input_file_ref idref="fl-95"/>
      </object_component>
      <object_component id="oc-78">
         <name>.debug_abbrev</name>
         <load_address>0x176e</load_address>
         <run_address>0x176e</run_address>
         <size>0xc3</size>
         <input_file_ref idref="fl-96"/>
      </object_component>
      <object_component id="oc-7b">
         <name>.debug_abbrev</name>
         <load_address>0x1831</load_address>
         <run_address>0x1831</run_address>
         <size>0xc3</size>
         <input_file_ref idref="fl-97"/>
      </object_component>
      <object_component id="oc-7e">
         <name>.debug_abbrev</name>
         <load_address>0x18f4</load_address>
         <run_address>0x18f4</run_address>
         <size>0xd0</size>
         <input_file_ref idref="fl-98"/>
      </object_component>
      <object_component id="oc-81">
         <name>.debug_abbrev</name>
         <load_address>0x19c4</load_address>
         <run_address>0x19c4</run_address>
         <size>0xa3</size>
         <input_file_ref idref="fl-99"/>
      </object_component>
      <object_component id="oc-86">
         <name>.debug_abbrev</name>
         <load_address>0x1a67</load_address>
         <run_address>0x1a67</run_address>
         <size>0x215</size>
         <input_file_ref idref="fl-9a"/>
      </object_component>
      <object_component id="oc-89">
         <name>.debug_abbrev</name>
         <load_address>0x1c7c</load_address>
         <run_address>0x1c7c</run_address>
         <size>0xe3</size>
         <input_file_ref idref="fl-9b"/>
      </object_component>
      <object_component id="oc-8c">
         <name>.debug_abbrev</name>
         <load_address>0x1d5f</load_address>
         <run_address>0x1d5f</run_address>
         <size>0xae</size>
         <input_file_ref idref="fl-9c"/>
      </object_component>
      <object_component id="oc-8f">
         <name>.debug_abbrev</name>
         <load_address>0x1e0d</load_address>
         <run_address>0x1e0d</run_address>
         <size>0x3a</size>
         <input_file_ref idref="fl-9d"/>
      </object_component>
      <object_component id="oc-92">
         <name>.debug_abbrev</name>
         <load_address>0x1e47</load_address>
         <run_address>0x1e47</run_address>
         <size>0xd0</size>
         <input_file_ref idref="fl-9e"/>
      </object_component>
      <object_component id="oc-95">
         <name>.debug_abbrev</name>
         <load_address>0x1f17</load_address>
         <run_address>0x1f17</run_address>
         <size>0x71</size>
         <input_file_ref idref="fl-9f"/>
      </object_component>
      <object_component id="oc-98">
         <name>.debug_abbrev</name>
         <load_address>0x1f88</load_address>
         <run_address>0x1f88</run_address>
         <size>0xd1</size>
         <input_file_ref idref="fl-a0"/>
      </object_component>
      <object_component id="oc-9b">
         <name>.debug_abbrev</name>
         <load_address>0x2059</load_address>
         <run_address>0x2059</run_address>
         <size>0x90</size>
         <input_file_ref idref="fl-a1"/>
      </object_component>
      <object_component id="oc-9e">
         <name>.debug_abbrev</name>
         <load_address>0x20e9</load_address>
         <run_address>0x20e9</run_address>
         <size>0x12d</size>
         <input_file_ref idref="fl-a2"/>
      </object_component>
      <object_component id="oc-a1">
         <name>.debug_abbrev</name>
         <load_address>0x2216</load_address>
         <run_address>0x2216</run_address>
         <size>0xf7</size>
         <input_file_ref idref="fl-a3"/>
      </object_component>
      <object_component id="oc-a4">
         <name>.debug_abbrev</name>
         <load_address>0x230d</load_address>
         <run_address>0x230d</run_address>
         <size>0x11a</size>
         <input_file_ref idref="fl-a4"/>
      </object_component>
      <object_component id="oc-a9">
         <name>.debug_abbrev</name>
         <load_address>0x2427</load_address>
         <run_address>0x2427</run_address>
         <size>0x1cd</size>
         <input_file_ref idref="fl-a5"/>
      </object_component>
      <object_component id="oc-af">
         <name>.debug_abbrev</name>
         <load_address>0x25f4</load_address>
         <run_address>0x25f4</run_address>
         <size>0x1f8</size>
         <input_file_ref idref="fl-a6"/>
      </object_component>
      <object_component id="oc-b2">
         <name>.debug_abbrev</name>
         <load_address>0x27ec</load_address>
         <run_address>0x27ec</run_address>
         <size>0x130</size>
         <input_file_ref idref="fl-a7"/>
      </object_component>
      <object_component id="oc-b5">
         <name>.debug_abbrev</name>
         <load_address>0x291c</load_address>
         <run_address>0x291c</run_address>
         <size>0xab</size>
         <input_file_ref idref="fl-a8"/>
      </object_component>
      <object_component id="oc-12c">
         <name>.debug_abbrev</name>
         <load_address>0x29c7</load_address>
         <run_address>0x29c7</run_address>
         <size>0xd</size>
      </object_component>
   </object_component_list>
   <logical_group_list>
      <logical_group id="lg-2">
         <name>.text</name>
         <load_address>0x80000000</load_address>
         <run_address>0x80000000</run_address>
         <size>0x6b00</size>
         <contents>
            <object_component_ref idref="oc-c4"/>
            <object_component_ref idref="oc-f5"/>
            <object_component_ref idref="oc-e9"/>
            <object_component_ref idref="oc-d1"/>
            <object_component_ref idref="oc-d6"/>
            <object_component_ref idref="oc-d3"/>
            <object_component_ref idref="oc-de"/>
            <object_component_ref idref="oc-d5"/>
            <object_component_ref idref="oc-f0"/>
            <object_component_ref idref="oc-f3"/>
            <object_component_ref idref="oc-ed"/>
            <object_component_ref idref="oc-101"/>
            <object_component_ref idref="oc-e8"/>
            <object_component_ref idref="oc-df"/>
            <object_component_ref idref="oc-d7"/>
            <object_component_ref idref="oc-d8"/>
            <object_component_ref idref="oc-e6"/>
            <object_component_ref idref="oc-e2"/>
            <object_component_ref idref="oc-f2"/>
            <object_component_ref idref="oc-100"/>
            <object_component_ref idref="oc-c0"/>
            <object_component_ref idref="oc-ee"/>
            <object_component_ref idref="oc-d4"/>
            <object_component_ref idref="oc-109"/>
            <object_component_ref idref="oc-f9"/>
            <object_component_ref idref="oc-eb"/>
            <object_component_ref idref="oc-e1"/>
            <object_component_ref idref="oc-be"/>
            <object_component_ref idref="oc-d9"/>
            <object_component_ref idref="oc-ba"/>
            <object_component_ref idref="oc-dd"/>
            <object_component_ref idref="oc-102"/>
            <object_component_ref idref="oc-dc"/>
            <object_component_ref idref="oc-cc"/>
            <object_component_ref idref="oc-bc"/>
            <object_component_ref idref="oc-bf"/>
            <object_component_ref idref="oc-bd"/>
            <object_component_ref idref="oc-b6"/>
            <object_component_ref idref="oc-f6"/>
            <object_component_ref idref="oc-ff"/>
            <object_component_ref idref="oc-da"/>
            <object_component_ref idref="oc-cb"/>
            <object_component_ref idref="oc-b8"/>
            <object_component_ref idref="oc-fb"/>
            <object_component_ref idref="oc-bb"/>
            <object_component_ref idref="oc-cf"/>
            <object_component_ref idref="oc-ef"/>
            <object_component_ref idref="oc-105"/>
            <object_component_ref idref="oc-f1"/>
            <object_component_ref idref="oc-f4"/>
            <object_component_ref idref="oc-fa"/>
            <object_component_ref idref="oc-e7"/>
            <object_component_ref idref="oc-cd"/>
            <object_component_ref idref="oc-c1"/>
            <object_component_ref idref="oc-10a"/>
            <object_component_ref idref="oc-ec"/>
            <object_component_ref idref="oc-c2"/>
            <object_component_ref idref="oc-f8"/>
            <object_component_ref idref="oc-f7"/>
            <object_component_ref idref="oc-db"/>
            <object_component_ref idref="oc-fc"/>
            <object_component_ref idref="oc-106"/>
            <object_component_ref idref="oc-17"/>
            <object_component_ref idref="oc-ca"/>
            <object_component_ref idref="oc-c7"/>
            <object_component_ref idref="oc-108"/>
            <object_component_ref idref="oc-c3"/>
            <object_component_ref idref="oc-107"/>
            <object_component_ref idref="oc-e0"/>
            <object_component_ref idref="oc-c9"/>
            <object_component_ref idref="oc-c6"/>
            <object_component_ref idref="oc-e5"/>
            <object_component_ref idref="oc-e4"/>
            <object_component_ref idref="oc-b7"/>
            <object_component_ref idref="oc-fe"/>
            <object_component_ref idref="oc-fd"/>
            <object_component_ref idref="oc-104"/>
            <object_component_ref idref="oc-c8"/>
            <object_component_ref idref="oc-ea"/>
            <object_component_ref idref="oc-b9"/>
            <object_component_ref idref="oc-d2"/>
            <object_component_ref idref="oc-d0"/>
            <object_component_ref idref="oc-c5"/>
            <object_component_ref idref="oc-103"/>
         </contents>
      </logical_group>
      <logical_group id="lg-3">
[...]
            </allocated_space>
            <allocated_space>
               <start_address>0x80007b00</start_address>
               <size>0x660</size>
               <logical_group_ref idref="lg-a"/>
            </allocated_space>
            <allocated_space>
               <start_address>0x80008160</start_address>
               <size>0x28e</size>
               <logical_group_ref idref="lg-6"/>
            </allocated_space>
            <available_space>
               <start_address>0x800083ee</start_address>
               <size>0x2</size>
            </available_space>
            <allocated_space>
               <start_address>0x800083f0</start_address>
               <size>0x1e4</size>
               <logical_group_ref idref="lg-f"/>
            </allocated_space>
            <available_space>
               <start_address>0x800085d4</start_address>
               <size>0x4</size>
            </available_space>
            <allocated_space>
               <start_address>0x800085d8</start_address>
               <size>0x120</size>
               <logical_group_ref idref="lg-5"/>
            </allocated_space>
            <allocated_space>
               <start_address>0x800086f8</start_address>
               <size>0x21</size>
               <logical_group_ref idref="lg-4"/>
            </allocated_space>
            <available_space>
               <start_address>0x80008719</start_address>
               <size>0x3</size>
            </available_space>
            <allocated_space>
               <start_address>0x8000871c</start_address>
               <size>0x1c</size>
               <logical_group_ref idref="lg-8"/>
            </allocated_space>
            <available_space>
               <start_address>0x80008738</start_address>
               <size>0x178c8</size>
            </available_space>
         </usage_details>
      </memory_area>
      <memory_area>
         <name>DDR2</name>
         <page_id>0x0</page_id>
         <origin>0xc0000000</origin>
         <length>0x20000000</length>
         <used_space>0x0</used_space>
         <unused_space>0x20000000</unused_space>
         <attributes>RWIX</attributes>
         <usage_details>
         </usage_details>
      </memory_area>
   </placement_map>
   <symbol_table>
      <symbol id="sm-0">
         <name>cinit</name>
         <value>0x800083f0</value>
      </symbol>
      <symbol id="sm-1">
         <name>___cinit__</name>
         <value>0x800083f0</value>
      </symbol>
      <symbol id="sm-2">
         <name>pinit</name>
         <value>0xffffffff</value>
      </symbol>
      <symbol id="sm-3">
         <name>___pinit__</name>
         <value>0xffffffff</value>
      </symbol>
      <symbol id="sm-4">
         <name>binit</name>
         <value>0xffffffff</value>
      </symbol>
      <symbol id="sm-5">
         <name>___binit__</name>
         <value>0xffffffff</value>
      </symbol>
      <symbol id="sm-6">
         <name>__STACK_SIZE</name>
         <value>0x800</value>
      </symbol>
      <symbol id="sm-7">
         <name>__STACK_END</name>
         <value>0x80007300</value>
      </symbol>
      <symbol id="sm-8">
         <name>__SYSMEM_SIZE</name>
         <value>0x800</value>
      </symbol>
      <symbol id="sm-9">
         <name>___c_args__</name>
         <value>0xffffffff</value>
      </symbol>
      <symbol id="sm-a">
         <name>.text</name>
         <value>0x80000000</value>
      </symbol>
      <symbol id="sm-b">
         <name>___text__</name>
         <value>0x80000000</value>
      </symbol>
      <symbol id="sm-c">
         <name>etext</name>
         <value>0x80006b00</value>
      </symbol>
      <symbol id="sm-d">
         <name>___etext__</name>
         <value>0x80006b00</value>
      </symbol>
      <symbol id="sm-e">
         <name>.data</name>
         <value>0x80000000</value>
      </symbol>
      <symbol id="sm-f">
         <name>___data__</name>
         <value>0x80000000</value>
      </symbol>
      <symbol id="sm-10">
         <name>edata</name>
         <value>0x80000000</value>
      </symbol>
      <symbol id="sm-11">
         <name>___edata__</name>
         <value>0x80000000</value>
      </symbol>
      <symbol id="sm-12">
         <name>.bss</name>
         <value>0x800086f8</value>
      </symbol>
      <symbol id="sm-13">
         <name>___bss__</name>
         <value>0x800086f8</value>
      </symbol>
      <symbol id="sm-14">
         <name>end</name>
         <value>0x80008719</value>
      </symbol>
      <symbol id="sm-15">
         <name>___end__</name>
         <value>0x80008719</value>
      </symbol>
      <symbol id="sm-16">
         <name>___TI_pprof_out_hndl</name>
         <value>0xffffffff</value>
      </symbol>
      <symbol id="sm-17">
         <name>___TI_prof_data_start</name>
         <value>0xffffffff</value>
      </symbol>
      <symbol id="sm-18">
         <name>___TI_prof_data_size</name>
         <value>0xffffffff</value>
      </symbol>
      <symbol id="sm-19">
         <name>$bss</name>
         <value>0x800086f8</value>
      </symbol>
      <symbol id="sm-105">
         <name>_main</name>
         <value>0x80000504</value>
         <object_component_ref idref="oc-c4"/>
      </symbol>
      <symbol id="sm-106">
         <name>_rand_period_change</name>
         <value>0x80000024</value>
         <object_component_ref idref="oc-c4"/>
      </symbol>
      <symbol id="sm-107">
         <name>_time_flow_idx</name>
         <value>0x80008710</value>
         <object_component_ref idref="oc-18"/>
      </symbol>
      <symbol id="sm-108">
         <name>_ch_num_period</name>
         <value>0x80008700</value>
         <object_component_ref idref="oc-18"/>
      </symbol>
      <symbol id="sm-109">
         <name>_time_flow_ctr</name>
         <value>0x80007f60</value>
         <object_component_ref idref="oc-1b"/>
      </symbol>
      <symbol id="sm-10a">
         <name>_update_flag</name>
         <value>0x800000ac</value>
         <object_component_ref idref="oc-c4"/>
      </symbol>
      <symbol id="sm-10b">
         <name>_flag</name>
         <value>0x80008708</value>
         <object_component_ref idref="oc-18"/>
      </symbol>
      <symbol id="sm-10c">
         <name>_cfg</name>
         <value>0x80007ef8</value>
         <object_component_ref idref="oc-1b"/>
      </symbol>
      <symbol id="sm-10d">
         <name>_full_period</name>
         <value>0x8000870c</value>
         <object_component_ref idref="oc-18"/>
      </symbol>
      <symbol id="sm-10e">
         <name>_pcmd</name>
         <value>0x80007e28</value>
         <object_component_ref idref="oc-1b"/>
      </symbol>
      <symbol id="sm-10f">
         <name>___R30</name>
         <value>0x800086fc</value>
         <object_component_ref idref="oc-18"/>
      </symbol>
      <symbol id="sm-110">
         <name>___R31</name>
         <value>0x800086f8</value>
         <object_component_ref idref="oc-18"/>
      </symbol>
      <symbol id="sm-111">
         <name>_PIEP_COUNT</name>
         <value>0x80008704</value>
         <object_component_ref idref="oc-18"/>
      </symbol>
      <symbol id="sm-120">
         <name>_c_int00</name>
         <value>0x800064a0</value>
         <object_component_ref idref="oc-17"/>
      </symbol>
      <symbol id="sm-121">
         <name>__stack</name>
         <value>0x80006b00</value>
         <object_component_ref idref="oc-21"/>
      </symbol>
      <symbol id="sm-138">
         <name>C$$EXIT</name>
         <value>0x80006ac0</value>
         <object_component_ref idref="oc-c5"/>
      </symbol>
      <symbol id="sm-139">
         <name>_exit</name>
         <value>0x80005820</value>
         <object_component_ref idref="oc-b8"/>
      </symbol>
      <symbol id="sm-13a">
         <name>___TI_enable_exit_profile_output</name>
         <value>0x8000813c</value>
         <object_component_ref idref="oc-26"/>
      </symbol>
      <symbol id="sm-13b">
         <name>_abort</name>
         <value>0x80006ac0</value>
         <object_component_ref idref="oc-c5"/>
      </symbol>
      <symbol id="sm-13c">
         <name>__cleanup_ptr</name>
         <value>0x80008134</value>
         <object_component_ref idref="oc-26"/>
      </symbol>
      <symbol id="sm-13d">
         <name>__dtors_ptr</name>
         <value>0x80008138</value>
         <object_component_ref idref="oc-26"/>
      </symbol>
      <symbol id="sm-152">
         <name>_printf</name>
         <value>0x80005140</value>
         <object_component_ref idref="oc-cc"/>
      </symbol>
      <symbol id="sm-167">
         <name>_rand</name>
         <value>0x80006520</value>
         <object_component_ref idref="oc-ca"/>
      </symbol>
      <symbol id="sm-168">
         <name>_srand</name>
         <value>0x800067c0</value>
         <object_component_ref idref="oc-c9"/>
      </symbol>
      <symbol id="sm-171">
         <name>__remi</name>
         <value>0x80005760</value>
         <object_component_ref idref="oc-cb"/>
      </symbol>
      <symbol id="sm-172">
         <name>__c6xabi_remi</name>
         <value>0x80005760</value>
         <object_component_ref idref="oc-cb"/>
      </symbol>
      <symbol id="sm-17b">
         <name>__remu</name>
         <value>0x80005ea0</value>
         <object_component_ref idref="oc-cd"/>
      </symbol>
      <symbol id="sm-17c">
         <name>__c6xabi_remu</name>
         <value>0x80005ea0</value>
         <object_component_ref idref="oc-cd"/>
      </symbol>
      <symbol id="sm-186">
         <name>_time</name>
         <value>0x80006a00</value>
         <object_component_ref idref="oc-c8"/>
      </symbol>
      <symbol id="sm-1b3">
         <name>_HOSTopen</name>
         <value>0x80004dc0</value>
         <object_component_ref idref="oc-ba"/>
      </symbol>
      <symbol id="sm-1b4">
         <name>_HOSTread</name>
         <value>0x80005220</value>
         <object_component_ref idref="oc-bc"/>
      </symbol>
      <symbol id="sm-1b5">
         <name>_HOSTtime</name>
         <value>0x80005a40</value>
         <object_component_ref idref="oc-cf"/>
      </symbol>
      <symbol id="sm-1b6">
         <name>_HOSTrename</name>
         <value>0x800042e0</value>
         <object_component_ref idref="oc-c0"/>
      </symbol>
      <symbol id="sm-1b7">
         <name>_HOSTwrite</name>
         <value>0x800053a0</value>
         <object_component_ref idref="oc-bd"/>
      </symbol>
      <symbol id="sm-1b8">
         <name>_HOSTlseek</name>
         <value>0x80004bc0</value>
         <object_component_ref idref="oc-be"/>
      </symbol>
      <symbol id="sm-1b9">
         <name>_HOSTunlink</name>
         <value>0x800052e0</value>
         <object_component_ref idref="oc-bf"/>
      </symbol>
      <symbol id="sm-1ba">
         <name>_HOSTclose</name>
         <value>0x800059a0</value>
         <object_component_ref idref="oc-bb"/>
      </symbol>
      <symbol id="sm-1ca">
         <name>C$$IO$$</name>
         <value>0x80006878</value>
         <object_component_ref idref="oc-c6"/>
      </symbol>
      <symbol id="sm-1cb">
         <name>__CIOBUF_</name>
         <value>0x800085d8</value>
         <object_component_ref idref="oc-3f"/>
      </symbol>
      <symbol id="sm-1cc">
         <name>_readmsg</name>
         <value>0x800065a0</value>
         <object_component_ref idref="oc-c7"/>
      </symbol>
      <symbol id="sm-1cd">
         <name>_writemsg</name>
         <value>0x80006820</value>
         <object_component_ref idref="oc-c6"/>
      </symbol>
      <symbol id="sm-1db">
         <name>__unlock</name>
         <value>0x80008144</value>
         <object_component_ref idref="oc-44"/>
      </symbol>
      <symbol id="sm-1dc">
         <name>__lock</name>
         <value>0x80008140</value>
         <object_component_ref idref="oc-44"/>
      </symbol>
      <symbol id="sm-1dd">
         <name>__nop</name>
         <value>0x80006a60</value>
         <object_component_ref idref="oc-b9"/>
      </symbol>
      <symbol id="sm-2e7">
         <name>__printfi</name>
         <value>0x80001680</value>
         <object_component_ref idref="oc-d1"/>
      </symbol>
      <symbol id="sm-2f1">
         <name>__args_main</name>
         <value>0x80006900</value>
         <object_component_ref idref="oc-b7"/>
      </symbol>
      <symbol id="sm-2f2">
         <name>__TI_args_main</name>
         <value>0x1</value>
      </symbol>
      <symbol id="sm-300">
         <name>_atoi</name>
         <value>0x80004ea0</value>
         <object_component_ref idref="oc-dd"/>
      </symbol>
      <symbol id="sm-30f">
         <name>__auto_init</name>
         <value>0x80005460</value>
         <object_component_ref idref="oc-b6"/>
      </symbol>
      <symbol id="sm-31c">
         <name>___TI_cpp_init</name>
         <value>0x800066a0</value>
         <object_component_ref idref="oc-c3"/>
      </symbol>
      <symbol id="sm-32a">
         <name>_copy_in</name>
         <value>0x80005f40</value>
         <object_component_ref idref="oc-c1"/>
      </symbol>
      <symbol id="sm-332">
         <name>__ctypes_</name>
         <value>0x800082c8</value>
         <object_component_ref idref="oc-e3"/>
      </symbol>
      <symbol id="sm-33c">
         <name>__tmpnams</name>
         <value>0x80007ce0</value>
         <object_component_ref idref="oc-5e"/>
      </symbol>
      <symbol id="sm-33d">
         <name>__ft_end</name>
         <value>0x80007e20</value>
         <object_component_ref idref="oc-5e"/>
      </symbol>
      <symbol id="sm-33e">
         <name>__ftable</name>
         <value>0x80007b00</value>
         <object_component_ref idref="oc-5e"/>
      </symbol>
      <symbol id="sm-350">
         <name>__divd</name>
         <value>0x80000b60</value>
         <object_component_ref idref="oc-f5"/>
      </symbol>
      <symbol id="sm-359">
         <name>__c6xabi_divu</name>
         <value>0x800055e0</value>
         <object_component_ref idref="oc-ff"/>
      </symbol>
      <symbol id="sm-35a">
         <name>__divu</name>
         <value>0x800055e0</value>
         <object_component_ref idref="oc-ff"/>
      </symbol>
      <symbol id="sm-367">
         <name>__fixdli</name>
         <value>0x80005d60</value>
         <object_component_ref idref="oc-fa"/>
      </symbol>
      <symbol id="sm-372">
         <name>__fltlid</name>
         <value>0x800063a0</value>
         <object_component_ref idref="oc-fc"/>
      </symbol>
      <symbol id="sm-38d">
         <name>_putc</name>
         <value>0x80003960</value>
         <object_component_ref idref="oc-d8"/>
      </symbol>
      <symbol id="sm-38e">
         <name>_fputc</name>
         <value>0x80003960</value>
         <object_component_ref idref="oc-d8"/>
      </symbol>
      <symbol id="sm-3b0">
         <name>_fputs</name>
         <value>0x80001f00</value>
         <object_component_ref idref="oc-d3"/>
      </symbol>
      <symbol id="sm-3ba">
         <name>__frcmpyd_div</name>
         <value>0x80006940</value>
         <object_component_ref idref="oc-fe"/>
      </symbol>
      <symbol id="sm-3ca">
         <name>__divul</name>
         <value>0x80004140</value>
         <object_component_ref idref="oc-100"/>
      </symbol>
      <symbol id="sm-3cb">
         <name>__remli</name>
         <value>0x800069c0</value>
         <object_component_ref idref="oc-104"/>
      </symbol>
      <symbol id="sm-3cc">
         <name>__divli</name>
         <value>0x80005b80</value>
         <object_component_ref idref="oc-105"/>
      </symbol>
      <symbol id="sm-3e0">
         <name>__subcull</name>
         <value>0x80006700</value>
         <object_component_ref idref="oc-107"/>
      </symbol>
      <symbol id="sm-3e1">
         <name>__divull</name>
         <value>0x80003040</value>
         <object_component_ref idref="oc-101"/>
      </symbol>
      <symbol id="sm-3eb">
         <name>___isinf</name>
         <value>0x80006880</value>
         <object_component_ref idref="oc-e5"/>
      </symbol>
      <symbol id="sm-3f9">
         <name>__llshl</name>
         <value>0x80006420</value>
         <object_component_ref idref="oc-106"/>
      </symbol>
      <symbol id="sm-3fa">
         <name>__llshru</name>
         <value>0x80006980</value>
         <object_component_ref idref="oc-fd"/>
      </symbol>
      <symbol id="sm-437">
         <name>_unlink</name>
         <value>0x80006620</value>
         <object_component_ref idref="oc-108"/>
      </symbol>
      <symbol id="sm-438">
         <name>_lseek</name>
         <value>0x80006080</value>
         <object_component_ref idref="oc-ec"/>
      </symbol>
      <symbol id="sm-439">
         <name>_close</name>
         <value>0x80004f80</value>
         <object_component_ref idref="oc-102"/>
      </symbol>
      <symbol id="sm-43a">
         <name>_write</name>
         <value>0x80006300</value>
         <object_component_ref idref="oc-db"/>
      </symbol>
      <symbol id="sm-447">
         <name>_ltoa</name>
         <value>0x800058e0</value>
         <object_component_ref idref="oc-fb"/>
      </symbol>
      <symbol id="sm-454">
         <name>_memccpy</name>
         <value>0x80006760</value>
         <object_component_ref idref="oc-e0"/>
      </symbol>
      <symbol id="sm-45c">
         <name>_memcpy</name>
         <value>0x80006120</value>
         <object_component_ref idref="oc-c2"/>
      </symbol>
      <symbol id="sm-467">
         <name>_memset</name>
         <value>0x80005060</value>
         <object_component_ref idref="oc-dc"/>
      </symbol>
      <symbol id="sm-471">
         <name>__negll</name>
         <value>0x80006a40</value>
         <object_component_ref idref="oc-ea"/>
      </symbol>
      <symbol id="sm-480">
         <name>__wrt_ok</name>
         <value>0x80004cc0</value>
         <object_component_ref idref="oc-d9"/>
      </symbol>
      <symbol id="sm-494">
         <name>__doflush</name>
         <value>0x800056a0</value>
         <object_component_ref idref="oc-da"/>
      </symbol>
      <symbol id="sm-4a5">
         <name>_fseek</name>
         <value>0x80004aa0</value>
         <object_component_ref idref="oc-e1"/>
      </symbol>
      <symbol id="sm-4bb">
         <name>_setvbuf</name>
         <value>0x80003d80</value>
         <object_component_ref idref="oc-e2"/>
      </symbol>
      <symbol id="sm-4ce">
         <name>__cleanup</name>
         <value>0x80005ae0</value>
         <object_component_ref idref="oc-ef"/>
      </symbol>
      <symbol id="sm-507">
         <name>__sys_memory</name>
         <value>0x80007300</value>
         <object_component_ref idref="oc-ad"/>
      </symbol>
      <symbol id="sm-508">
         <name>_free</name>
         <value>0x80002dc0</value>
         <object_component_ref idref="oc-ed"/>
      </symbol>
      <symbol id="sm-509">
         <name>_malloc</name>
         <value>0x80004460</value>
         <object_component_ref idref="oc-ee"/>
      </symbol>
      <symbol id="sm-51b">
         <name>__closefile</name>
         <value>0x80004860</value>
         <object_component_ref idref="oc-f9"/>
      </symbol>
      <symbol id="sm-525">
         <name>_remove</name>
         <value>0x80006ae0</value>
         <object_component_ref idref="oc-103"/>
      </symbol>
   </symbol_table>
</link_info>
